Component: ARM Compiler 5.06 update 7 (build 960) Tool: armlink [4d3601]

==============================================================================

Section Cross References

    main.o(i.interface_init) refers to lcd_ili9341.o(i.LCD_printString) for LCD_printString
    main.o(i.interface_init) refers to font.o(.constdata) for calibri_14ptFontInfo
    main.o(i.main) refers to cpu.o(i.clockSetup) for clockSetup
    main.o(i.main) refers to timer.o(i.Timer1_init) for Timer1_init
    main.o(i.main) refers to timer.o(i.Timer2_init) for Timer2_init
    main.o(i.main) refers to port_setup.o(i.portsSetup) for portsSetup
    main.o(i.main) refers to adc.o(i.ADC_init) for ADC_init
    main.o(i.main) refers to spi.o(i.SPI2_Init) for SPI2_Init
    main.o(i.main) refers to lcd_ili9341.o(i.LCD_init) for LCD_init
    main.o(i.main) refers to lcd_ili9341.o(i.LCD_fill) for LCD_fill
    main.o(i.main) refers to gui_fft.o(i.GUI_FFT_numInput) for GUI_FFT_numInput
    gui_fft.o(i.GUI_FFT_numInput) refers to lcd_ili9341.o(i.LCD_fill) for LCD_fill
    gui_fft.o(i.GUI_FFT_numInput) refers to gui.o(i.GUI_createLabel) for GUI_createLabel
    gui_fft.o(i.GUI_FFT_numInput) refers to gui.o(i.GUI_createButton) for GUI_createButton
    gui_fft.o(i.GUI_FFT_numInput) refers to font.o(.constdata) for impact_18ptFontInfo
    fft.o(i.calcModule) refers to fft.o(i.sqrt) for sqrt
    fft.o(i.detectFreq) refers to fft.o(i.sqrt) for sqrt
    fft.o(i.fft) refers to fft.o(.constdata) for Sinewave
    fft.o(i.getAdcSamples) refers to timer.o(i.delay_us) for delay_us
    gui.o(i.GUI_Handler) refers to gui.o(i.GUI_objHandler) for GUI_objHandler
    gui.o(i.GUI_Handler) refers to gui.o(.bss) for GUI
    gui.o(i.GUI_buttonChangeMainColor) refers to gui.o(i.GUI_drawFilledFrame) for GUI_drawFilledFrame
    gui.o(i.GUI_buttonChangeMainColor) refers to gui.o(i.GUI_buttonChangeText) for GUI_buttonChangeText
    gui.o(i.GUI_buttonChangeMainColor) refers to gui.o(.bss) for GUI
    gui.o(i.GUI_buttonChangeText) refers to gui.o(i.GUI_drawFilledFrame) for GUI_drawFilledFrame
    gui.o(i.GUI_buttonChangeText) refers to lcd_ili9341.o(i.LCD_printString) for LCD_printString
    gui.o(i.GUI_buttonChangeText) refers to gui.o(.bss) for GUI
    gui.o(i.GUI_canvasChangePenColor) refers to gui.o(.bss) for GUI
    gui.o(i.GUI_canvasClear) refers to lcd_ili9341.o(i.LCD_drawFilledRectangle) for LCD_drawFilledRectangle
    gui.o(i.GUI_canvasClear) refers to gui.o(.bss) for GUI
    gui.o(i.GUI_canvasSetPenEraser) refers to gui.o(.bss) for GUI
    gui.o(i.GUI_createButton) refers to gui.o(i.GUI_drawFilledFrame) for GUI_drawFilledFrame
    gui.o(i.GUI_createButton) refers to lcd_ili9341.o(i.LCD_printString) for LCD_printString
    gui.o(i.GUI_createButton) refers to gui.o(.bss) for GUI
    gui.o(i.GUI_createCanvas) refers to gui.o(i.GUI_drawFilledFrame) for GUI_drawFilledFrame
    gui.o(i.GUI_createCanvas) refers to gui.o(.bss) for GUI
    gui.o(i.GUI_createLabel) refers to gui.o(i.GUI_drawFilledFrame) for GUI_drawFilledFrame
    gui.o(i.GUI_createLabel) refers to lcd_ili9341.o(i.LCD_printString) for LCD_printString
    gui.o(i.GUI_createLabel) refers to gui.o(.bss) for GUI
    gui.o(i.GUI_drawFilledFrame) refers to lcd_ili9341.o(i.LCD_drawFilledRectangle) for LCD_drawFilledRectangle
    gui.o(i.GUI_drawFrame) refers to lcd_ili9341.o(i.LCD_drawFilledRectangle) for LCD_drawFilledRectangle
    gui.o(i.GUI_drawPoint) refers to lcd_ili9341.o(i.LCD_drawPixel) for LCD_drawPixel
    gui.o(i.GUI_drawPoint) refers to lcd_ili9341.o(i.LCD_drawFilledRectangle) for LCD_drawFilledRectangle
    gui.o(i.GUI_drawPoint) refers to gui.o(.bss) for GUI
    gui.o(i.GUI_floatToStr) refers to fmul.o(x$fpl$fmul) for __aeabi_fmul
    gui.o(i.GUI_floatToStr) refers to ffix.o(x$fpl$ffix) for __aeabi_f2iz
    gui.o(i.GUI_floatToStr) refers to fleqf.o(x$fpl$fleqf) for __aeabi_cfcmple
    gui.o(i.GUI_labelChangeMainColor) refers to gui.o(i.GUI_drawFilledFrame) for GUI_drawFilledFrame
    gui.o(i.GUI_labelChangeMainColor) refers to gui.o(i.GUI_labelChangeText) for GUI_labelChangeText
    gui.o(i.GUI_labelChangeMainColor) refers to gui.o(.bss) for GUI
    gui.o(i.GUI_labelChangeText) refers to gui.o(i.GUI_drawFilledFrame) for GUI_drawFilledFrame
    gui.o(i.GUI_labelChangeText) refers to lcd_ili9341.o(i.LCD_printString) for LCD_printString
    gui.o(i.GUI_labelChangeText) refers to gui.o(.bss) for GUI
    gui.o(i.GUI_objHandler) refers to gui.o(.bss) for GUI
    gui.o(i.GUI_objSetHandlerFunc) refers to gui.o(.bss) for GUI
    gui.o(i.GUI_objectListReset) refers to gui.o(.bss) for GUI
    cpu.o(i.clockCpuSetup) refers to mdr32f9qx_rst_clk.o(i.RST_CLK_HSEconfig) for RST_CLK_HSEconfig
    cpu.o(i.clockCpuSetup) refers to mdr32f9qx_rst_clk.o(i.RST_CLK_HSEstatus) for RST_CLK_HSEstatus
    cpu.o(i.clockCpuSetup) refers to mdr32f9qx_rst_clk.o(i.RST_CLK_CPU_PLLconfig) for RST_CLK_CPU_PLLconfig
    cpu.o(i.clockCpuSetup) refers to mdr32f9qx_rst_clk.o(i.RST_CLK_CPU_PLLcmd) for RST_CLK_CPU_PLLcmd
[...]
    port_setup.o(i.portSetupAdc) refers to port_cfg.o(i.portSetupMode) for portSetupMode
    port_setup.o(i.portSetupGpo) refers to port_cfg.o(i.portsSetupAsOutput) for portsSetupAsOutput
    port_setup.o(i.portSetupSpi2) refers to port_cfg.o(i.portSetupFunc) for portSetupFunc
    port_setup.o(i.portSetupSpi2) refers to port_cfg.o(i.portSetupOe) for portSetupOe
    port_setup.o(i.portSetupSpi2) refers to port_cfg.o(i.portSetupMode) for portSetupMode
    port_setup.o(i.portSetupSpi2) refers to port_cfg.o(i.portSetupPdShm) for portSetupPdShm
    port_setup.o(i.portSetupSpi2) refers to port_cfg.o(i.portSetupPd) for portSetupPd
    port_setup.o(i.portSetupSpi2) refers to port_cfg.o(i.portSetupSpeed) for portSetupSpeed
    port_setup.o(i.portSetupSpi2) refers to port_cfg.o(i.portsSetupAsOutput) for portsSetupAsOutput
    port_setup.o(i.portSetupSpi2) refers to mdr32f9qx_port.o(i.PORT_SetBits) for PORT_SetBits
    port_setup.o(i.portsSetup) refers to port_setup.o(i.portSetupGpo) for portSetupGpo
    port_setup.o(i.portsSetup) refers to port_setup.o(i.portSetupSpi2) for portSetupSpi2
    port_setup.o(i.portsSetup) refers to port_setup.o(i.portSetupAdc) for portSetupAdc
    timer.o(i.Timer1_IRQHandler) refers to gui.o(.bss) for GUI
    timer.o(i.Timer2_init) refers to mdr32f9qx_timer.o(i.TIMER_DeInit) for TIMER_DeInit
    timer.o(i.Timer2_init) refers to mdr32f9qx_timer.o(i.TIMER_BRGInit) for TIMER_BRGInit
    timer.o(i.Timer2_init) refers to mdr32f9qx_timer.o(i.TIMER_CntStructInit) for TIMER_CntStructInit
    timer.o(i.Timer2_init) refers to mdr32f9qx_timer.o(i.TIMER_CntInit) for TIMER_CntInit
    timer.o(i.Timer2_init) refers to mdr32f9qx_timer.o(i.TIMER_Cmd) for TIMER_Cmd
    startup_mdr32f9qx.o(STACK) refers (Special) to heapauxi.o(.text) for __use_two_region_memory
    startup_mdr32f9qx.o(HEAP) refers (Special) to heapauxi.o(.text) for __use_two_region_memory
    startup_mdr32f9qx.o(RESET) refers (Special) to heapauxi.o(.text) for __use_two_region_memory
    startup_mdr32f9qx.o(RESET) refers to startup_mdr32f9qx.o(STACK) for __initial_sp
    startup_mdr32f9qx.o(RESET) refers to startup_mdr32f9qx.o(.text) for Reset_Handler
    startup_mdr32f9qx.o(RESET) refers to timer.o(i.Timer1_IRQHandler) for Timer1_IRQHandler
    startup_mdr32f9qx.o(.text) refers (Special) to heapauxi.o(.text) for __use_two_region_memory
    startup_mdr32f9qx.o(.text) refers to system_mdr32f9qx.o(i.SystemInit) for SystemInit
    startup_mdr32f9qx.o(.text) refers to __main.o(!!!main) for __main
    startup_mdr32f9qx.o(.text) refers to startup_mdr32f9qx.o(HEAP) for Heap_Mem
    startup_mdr32f9qx.o(.text) refers to startup_mdr32f9qx.o(STACK) for Stack_Mem
    system_mdr32f9qx.o(i.SystemCoreClockUpdate) refers to system_mdr32f9qx.o(.data) for SystemCoreClock
    system_mdr32f9qx.o(i.SystemInit) refers to system_mdr32f9qx.o(i.SystemCoreClockUpdate) for SystemCoreClockUpdate
    mdr32f9qx_rst_clk.o(i.RST_CLK_CPU_PLLstatus) refers to mdr32f9qx_rst_clk.o(i.RST_CLK_GetFlagStatus) for RST_CLK_GetFlagStatus
    mdr32f9qx_rst_clk.o(i.RST_CLK_DeInit) refers to mdr32f9qx_rst_clk.o(i.RST_CLK_WarmDeInit) for RST_CLK_WarmDeInit
    mdr32f9qx_rst_clk.o(i.RST_CLK_DeInit) refers to mdr32f9qx_rst_clk.o(i.RST_CLK_PCLKcmd) for RST_CLK_PCLKcmd
    mdr32f9qx_rst_clk.o(i.RST_CLK_HSEstatus) refers to mdr32f9qx_rst_clk.o(i.RST_CLK_GetFlagStatus) for RST_CLK_GetFlagStatus
    mdr32f9qx_rst_clk.o(i.RST_CLK_HSIstatus) refers to mdr32f9qx_rst_clk.o(i.RST_CLK_GetFlagStatus) for RST_CLK_GetFlagStatus
    mdr32f9qx_rst_clk.o(i.RST_CLK_LSEstatus) refers to mdr32f9qx_rst_clk.o(i.RST_CLK_GetFlagStatus) for RST_CLK_GetFlagStatus
    mdr32f9qx_rst_clk.o(i.RST_CLK_LSIstatus) refers to mdr32f9qx_rst_clk.o(i.RST_CLK_GetFlagStatus) for RST_CLK_GetFlagStatus
    mdr32f9qx_rst_clk.o(i.RST_CLK_USB_PLLstatus) refers to mdr32f9qx_rst_clk.o(i.RST_CLK_GetFlagStatus) for RST_CLK_GetFlagStatus
    mdr32f9qx_rst_clk.o(i.RST_CLK_WarmDeInit) refers to mdr32f9qx_rst_clk.o(i.RST_CLK_HSIcmd) for RST_CLK_HSIcmd
    mdr32f9qx_rst_clk.o(i.RST_CLK_WarmDeInit) refers to mdr32f9qx_rst_clk.o(i.RST_CLK_HSIstatus) for RST_CLK_HSIstatus
    mdr32f9qx_rst_clk.o(i.RST_CLK_WarmDeInit) refers to mdr32f9qx_rst_clk.o(i.RST_CLK_CPUclkSelection) for RST_CLK_CPUclkSelection
    __main.o(!!!main) refers to __rtentry.o(.ARM.Collect$$rtentry$$00000000) for __rt_entry
    ffix.o(x$fpl$ffix) refers (Special) to usenofp.o(x$fpl$usenofp) for __I$use$fp
    ffix.o(x$fpl$ffix) refers to fnaninf.o(x$fpl$fnaninf) for __fpl_fnaninf
    ffix.o(x$fpl$ffixr) refers (Special) to usenofp.o(x$fpl$usenofp) for __I$use$fp
    ffix.o(x$fpl$ffixr) refers to fnaninf.o(x$fpl$fnaninf) for __fpl_fnaninf
    fleqf.o(x$fpl$fleqf) refers (Special) to usenofp.o(x$fpl$usenofp) for __I$use$fp
    fleqf.o(x$fpl$fleqf) refers to fnaninf.o(x$fpl$fnaninf) for __fpl_fnaninf
    fleqf.o(x$fpl$fleqf) refers to fcmpi.o(x$fpl$fcmpinf) for __fpl_fcmp_Inf
    fmul.o(x$fpl$fmul) refers (Special) to usenofp.o(x$fpl$usenofp) for __I$use$fp
    fmul.o(x$fpl$fmul) refers to fretinf.o(x$fpl$fretinf) for __fpl_fretinf
    fmul.o(x$fpl$fmul) refers to fnaninf.o(x$fpl$fnaninf) for __fpl_fnaninf
    __rtentry.o(.ARM.Collect$$rtentry$$00000000) refers (Special) to __rtentry2.o(.ARM.Collect$$rtentry$$0000000A) for __rt_entry_li
    __rtentry.o(.ARM.Collect$$rtentry$$00000000) refers (Special) to __rtentry2.o(.ARM.Collect$$rtentry$$0000000D) for __rt_entry_main
    __rtentry.o(.ARM.Collect$$rtentry$$00000000) refers (Special) to __rtentry2.o(.ARM.Collect$$rtentry$$0000000C) for __rt_entry_postli_1
    __rtentry.o(.ARM.Collect$$rtentry$$00000000) refers (Special) to __rtentry2.o(.ARM.Collect$$rtentry$$00000009) for __rt_entry_postsh_1
    __rtentry.o(.ARM.Collect$$rtentry$$00000000) refers (Special) to __rtentry2.o(.ARM.Collect$$rtentry$$00000002) for __rt_entry_presh_1
    __rtentry.o(.ARM.Collect$$rtentry$$00000000) refers (Special) to __rtentry4.o(.ARM.Collect$$rtentry$$00000004) for __rt_entry_sh
    fcmpi.o(x$fpl$fcmpinf) refers (Special) to usenofp.o(x$fpl$usenofp) for __I$use$fp
    fnaninf.o(x$fpl$fnaninf) refers (Special) to usenofp.o(x$fpl$usenofp) for __I$use$fp
    fretinf.o(x$fpl$fretinf) refers (Special) to usenofp.o(x$fpl$usenofp) for __I$use$fp
    __rtentry2.o(.ARM.Collect$$rtentry$$00000008) refers to boardinit2.o(.text) for _platform_post_stackheap_init
    __rtentry2.o(.ARM.Collect$$rtentry$$0000000A) refers to libinit.o(.ARM.Collect$$libinit$$00000000) for __rt_lib_init
    __rtentry2.o(.ARM.Collect$$rtentry$$0000000B) refers to boardinit3.o(.text) for _platform_post_lib_init
    __rtentry2.o(.ARM.Collect$$rtentry$$0000000D) refers to main.o(i.main) for main
    __rtentry2.o(.ARM.Collect$$rtentry$$0000000D) refers to exit.o(.text) for exit
    __rtentry2.o(.ARM.exidx) refers to __rtentry2.o(.ARM.Collect$$rtentry$$00000001) for .ARM.Collect$$rtentry$$00000001
    __rtentry2.o(.ARM.exidx) refers to __rtentry2.o(.ARM.Collect$$rtentry$$00000008) for .ARM.Collect$$rtentry$$00000008
    __rtentry2.o(.ARM.exidx) refers to __rtentry2.o(.ARM.Collect$$rtentry$$0000000A) for .ARM.Collect$$rtentry$$0000000A
    __rtentry2.o(.ARM.exidx) refers to __rtentry2.o(.ARM.Collect$$rtentry$$0000000B) for .ARM.Collect$$rtentry$$0000000B
    __rtentry2.o(.ARM.exidx) refers to __rtentry2.o(.ARM.Collect$$rtentry$$0000000D) for .ARM.Collect$$rtentry$$0000000D
    __rtentry4.o(.ARM.Collect$$rtentry$$00000004) refers to sys_stackheap_outer.o(.text) for __user_setup_stackheap
    __rtentry4.o(.ARM.exidx) refers to __rtentry4.o(.ARM.Collect$$rtentry$$00000004) for .ARM.Collect$$rtentry$$00000004
    sys_stackheap_outer.o(.text) refers to libspace.o(.text) for __user_perproc_libspace
    sys_stackheap_outer.o(.text) refers to startup_mdr32f9qx.o(.text) for __user_initial_stackheap
    exit.o(.text) refers to rtexit.o(.ARM.Collect$$rtexit$$00000000) for __rt_exit
    libinit.o(.ARM.Collect$$libinit$$00000000) refers (Special) to libinit2.o(.ARM.Collect$$libinit$$0000002E) for __rt_lib_init_alloca_1
    libinit.o(.ARM.Collect$$libinit$$00000000) refers (Special) to libinit2.o(.ARM.Collect$$libinit$$0000002C) for __rt_lib_init_argv_1
    libinit.o(.ARM.Collect$$libinit$$00000000) refers (Special) to libinit2.o(.ARM.Collect$$libinit$$0000001B) for __rt_lib_init_atexit_1
    libinit.o(.ARM.Collect$$libinit$$00000000) refers (Special) to libinit2.o(.ARM.Collect$$libinit$$00000021) for __rt_lib_init_clock_1
    libinit.o(.ARM.Collect$$libinit$$00000000) refers (Special) to libinit2.o(.ARM.Collect$$libinit$$00000032) for __rt_lib_init_cpp_1
    libinit.o(.ARM.Collect$$libinit$$00000000) refers (Special) to libinit2.o(.ARM.Collect$$libinit$$00000030) for __rt_lib_init_exceptions_1
    libinit.o(.ARM.Collect$$libinit$$00000000) refers (Special) to libinit2.o(.ARM.Collect$$libinit$$00000002) for __rt_lib_init_fp_1
    libinit.o(.ARM.Collect$$libinit$$00000000) refers (Special) to libinit2.o(.ARM.Collect$$libinit$$0000001F) for __rt_lib_init_fp_trap_1
    libinit.o(.ARM.Collect$$libinit$$00000000) refers (Special) to libinit2.o(.ARM.Collect$$libinit$$00000023) for __rt_lib_init_getenv_1
    libinit.o(.ARM.Collect$$libinit$$00000000) refers (Special) to libinit2.o(.ARM.Collect$$libinit$$0000000A) for __rt_lib_init_heap_1
    libinit.o(.ARM.Collect$$libinit$$00000000) refers (Special) to libinit2.o(.ARM.Collect$$libinit$$00000011) for __rt_lib_init_lc_collate_1
    libinit.o(.ARM.Collect$$libinit$$00000000) refers (Special) to libinit2.o(.ARM.Collect$$libinit$$00000013) for __rt_lib_init_lc_ctype_1
    libinit.o(.ARM.Collect$$libinit$$00000000) refers (Special) to libinit2.o(.ARM.Collect$$libinit$$00000015) for __rt_lib_init_lc_monetary_1
    libinit.o(.ARM.Collect$$libinit$$00000000) refers (Special) to libinit2.o(.ARM.Collect$$libinit$$00000017) for __rt_lib_init_lc_numeric_1
    libinit.o(.ARM.Collect$$libinit$$00000000) refers (Special) to libinit2.o(.ARM.Collect$$libinit$$00000019) for __rt_lib_init_lc_time_1
    libinit.o(.ARM.Collect$$libinit$$00000000) refers (Special) to libinit2.o(.ARM.Collect$$libinit$$00000004) for __rt_lib_init_preinit_1
    libinit.o(.ARM.Collect$$libinit$$00000000) refers (Special) to libinit2.o(.ARM.Collect$$libinit$$0000000E) for __rt_lib_init_rand_1
    libinit.o(.ARM.Collect$$libinit$$00000000) refers (Special) to libinit2.o(.ARM.Collect$$libinit$$00000033) for __rt_lib_init_return
    libinit.o(.ARM.Collect$$libinit$$00000000) refers (Special) to libinit2.o(.ARM.Collect$$libinit$$0000001D) for __rt_lib_init_signal_1
    libinit.o(.ARM.Collect$$libinit$$00000000) refers (Special) to libinit2.o(.ARM.Collect$$libinit$$00000025) for __rt_lib_init_stdio_1
    libinit.o(.ARM.Collect$$libinit$$00000000) refers (Special) to libinit2.o(.ARM.Collect$$libinit$$0000000C) for __rt_lib_init_user_alloc_1
    libspace.o(.text) refers to libspace.o(.bss) for __libspace_start
    rtexit.o(.ARM.Collect$$rtexit$$00000000) refers (Special) to rtexit2.o(.ARM.Collect$$rtexit$$00000004) for __rt_exit_exit
    rtexit.o(.ARM.Collect$$rtexit$$00000000) refers (Special) to rtexit2.o(.ARM.Collect$$rtexit$$00000003) for __rt_exit_ls
    rtexit.o(.ARM.Collect$$rtexit$$00000000) refers (Special) to rtexit2.o(.ARM.Collect$$rtexit$$00000002) for __rt_exit_prels_1
    rtexit.o(.ARM.exidx) refers (Special) to rtexit2.o(.ARM.Collect$$rtexit$$00000004) for __rt_exit_exit
    rtexit.o(.ARM.exidx) refers (Special) to rtexit2.o(.ARM.Collect$$rtexit$$00000003) for __rt_exit_ls
    rtexit.o(.ARM.exidx) refers (Special) to rtexit2.o(.ARM.Collect$$rtexit$$00000002) for __rt_exit_prels_1
    rtexit.o(.ARM.exidx) refers to rtexit.o(.ARM.Collect$$rtexit$$00000000) for .ARM.Collect$$rtexit$$00000000
    libinit2.o(.ARM.Collect$$libinit$$00000010) refers to libinit2.o(.ARM.Collect$$libinit$$0000000F) for .ARM.Collect$$libinit$$0000000F
    libinit2.o(.ARM.Collect$$libinit$$00000012) refers to libinit2.o(.ARM.Collect$$libinit$$0000000F) for .ARM.Collect$$libinit$$0000000F
    libinit2.o(.ARM.Collect$$libinit$$00000014) refers to libinit2.o(.ARM.Collect$$libinit$$0000000F) for .ARM.Collect$$libinit$$0000000F
    libinit2.o(.ARM.Collect$$libinit$$00000016) refers to libinit2.o(.ARM.Collect$$libinit$$0000000F) for .ARM.Collect$$libinit$$0000000F
    libinit2.o(.ARM.Collect$$libinit$$00000018) refers to libinit2.o(.ARM.Collect$$libinit$$0000000F) for .ARM.Collect$$libinit$$0000000F
    libinit2.o(.ARM.Collect$$libinit$$00000026) refers to argv_veneer.o(.emb_text) for __ARM_argv_veneer
    libinit2.o(.ARM.Collect$$libinit$$00000027) refers to argv_veneer.o(.emb_text) for __ARM_argv_veneer
    rtexit2.o(.ARM.Collect$$rtexit$$00000003) refers to libshutdown.o(.ARM.Collect$$libshutdown$$00000000) for __rt_lib_shutdown
    rtexit2.o(.ARM.Collect$$rtexit$$00000004) refers to sys_exit.o(.text) for _sys_exit
    rtexit2.o(.ARM.exidx) refers to rtexit2.o(.ARM.Collect$$rtexit$$00000001) for .ARM.Collect$$rtexit$$00000001
    rtexit2.o(.ARM.exidx) refers to rtexit2.o(.ARM.Collect$$rtexit$$00000003) for .ARM.Collect$$rtexit$$00000003
    rtexit2.o(.ARM.exidx) refers to rtexit2.o(.ARM.Collect$$rtexit$$00000004) for .ARM.Collect$$rtexit$$00000004
    argv_veneer.o(.emb_text) refers to no_argv.o(.text) for __ARM_get_argv
    sys_exit.o(.text) refers (Special) to use_no_semi.o(.text) for __I$use$semihosting
    sys_exit.o(.text) refers (Special) to indicate_semi.o(.text) for __semihosting_library_function
    _get_argv_nomalloc.o(.text) refers (Special) to hrguard.o(.text) for __heap_region$guard
    _get_argv_nomalloc.o(.text) refers to defsig_rtmem_outer.o(.text) for __rt_SIGRTMEM
    _get_argv_nomalloc.o(.text) refers to sys_command.o(.text) for _sys_command_string
    libshutdown.o(.ARM.Collect$$libshutdown$$00000000) refers (Special) to libshutdown2.o(.ARM.Collect$$libshutdown$$00000004) for __rt_lib_shutdown_cpp_1
    libshutdown.o(.ARM.Collect$$libshutdown$$00000000) refers (Special) to libshutdown2.o(.ARM.Collect$$libshutdown$$00000002) for __rt_lib_shutdown_fini_1
    libshutdown.o(.ARM.Collect$$libshutdown$$00000000) refers (Special) to libshutdown2.o(.ARM.Collect$$libshutdown$$00000009) for __rt_lib_shutdown_fp_trap_1
    libshutdown.o(.ARM.Collect$$libshutdown$$00000000) refers (Special) to libshutdown2.o(.ARM.Collect$$libshutdown$$00000011) for __rt_lib_shutdown_heap_1
    libshutdown.o(.ARM.Collect$$libshutdown$$00000000) refers (Special) to libshutdown2.o(.ARM.Collect$$libshutdown$$00000012) for __rt_lib_shutdown_return
    libshutdown.o(.ARM.Collect$$libshutdown$$00000000) refers (Special) to libshutdown2.o(.ARM.Collect$$libshutdown$$0000000C) for __rt_lib_shutdown_signal_1
    libshutdown.o(.ARM.Collect$$libshutdown$$00000000) refers (Special) to libshutdown2.o(.ARM.Collect$$libshutdown$$00000006) for __rt_lib_shutdown_stdio_1
    libshutdown.o(.ARM.Collect$$libshutdown$$00000000) refers (Special) to libshutdown2.o(.ARM.Collect$$libshutdown$$0000000E) for __rt_lib_shutdown_user_alloc_1
    sys_command.o(.text) refers (Special) to use_no_semi.o(.text) for __I$use$semihosting
    sys_command.o(.text) refers (Special) to indicate_semi.o(.text) for __semihosting_library_function
    defsig_rtmem_outer.o(.text) refers to defsig_rtmem_inner.o(.text) for __rt_SIGRTMEM_inner
    defsig_rtmem_outer.o(.text) refers to defsig_exit.o(.text) for __sig_exit
    defsig_rtmem_formal.o(.text) refers to rt_raise.o(.text) for __rt_raise
    rt_raise.o(.text) refers to __raise.o(.text) for __raise
    rt_raise.o(.text) refers to sys_exit.o(.text) for _sys_exit
    defsig_exit.o(.text) refers to sys_exit.o(.text) for _sys_exit
    defsig_rtmem_inner.o(.text) refers to defsig_general.o(.text) for __default_signal_display
    __raise.o(.text) refers to defsig.o(CL$$defsig) for __default_signal_handler
    defsig_general.o(.text) refers to sys_wrch.o(.text) for _ttywrch
    sys_wrch.o(.text) refers (Special) to use_no_semi.o(.text) for __I$use$semihosting
    sys_wrch.o(.text) refers (Special) to indicate_semi.o(.text) for __semihosting_library_function
    defsig.o(CL$$defsig) refers to defsig_rtmem_inner.o(.text) for __rt_SIGRTMEM_inner
    defsig_abrt_inner.o(.text) refers to defsig_general.o(.text) for __default_signal_display
    defsig_fpe_inner.o(.text) refers to defsig_general.o(.text) for __default_signal_display
    defsig_rtred_inner.o(.text) refers to defsig_general.o(.text) for __default_signal_display
    defsig_stak_inner.o(.text) refers to defsig_general.o(.text) for __default_signal_display
    defsig_pvfn_inner.o(.text) refers to defsig_general.o(.text) for __default_signal_display
    defsig_cppl_inner.o(.text) refers to defsig_general.o(.text) for __default_signal_display
    defsig_segv_inner.o(.text) refers to defsig_general.o(.text) for __default_signal_display
    defsig_other.o(.text) refers to defsig_general.o(.text) for __default_signal_display


==============================================================================

Removing Unused input sections from the image.

    Removing main.o(.rev16_text), (4 bytes).
    Removing main.o(.revsh_text), (4 bytes).
    Removing main.o(.rrx_text), (6 bytes).
    Removing main.o(i.interface_init), (912 bytes).
    Removing main.o(.bss), (320 bytes).
    Removing main.o(.constdata), (1536 bytes).
    Removing main.o(.data), (8 bytes).
    Removing gui_fft.o(.rev16_text), (4 bytes).
    Removing gui_fft.o(.revsh_text), (4 bytes).
    Removing gui_fft.o(.rrx_text), (6 bytes).
    Removing gui_fft.o(.constdata), (1536 bytes).
    Removing fft.o(.rev16_text), (4 bytes).
    Removing fft.o(.revsh_text), (4 bytes).
    Removing fft.o(.rrx_text), (6 bytes).
    Removing fft.o(i.calcFreqBlock), (28 bytes).
    Removing fft.o(i.calcModule), (78 bytes).
    Removing fft.o(i.detectFreq), (116 bytes).
    Removing fft.o(i.fft), (512 bytes).
    Removing fft.o(i.getAdcSamples), (100 bytes).
    Removing fft.o(i.sqrt), (42 bytes).
    Removing fft.o(.bss), (512 bytes).
    Removing fft.o(.constdata), (1536 bytes).
    Removing font.o(.rev16_text), (4 bytes).
    Removing font.o(.revsh_text), (4 bytes).
    Removing font.o(.rrx_text), (6 bytes).
    Removing gui.o(.rev16_text), (4 bytes).
    Removing gui.o(.revsh_text), (4 bytes).
    Removing gui.o(.rrx_text), (6 bytes).
    Removing gui.o(i.GUI_Handler), (252 bytes).
    Removing gui.o(i.GUI_buttonChangeMainColor), (220 bytes).
    Removing gui.o(i.GUI_buttonChangeText), (352 bytes).
    Removing gui.o(i.GUI_canvasChangePenColor), (20 bytes).
    Removing gui.o(i.GUI_canvasClear), (128 bytes).
    Removing gui.o(i.GUI_canvasSetPenEraser), (24 bytes).
    Removing gui.o(i.GUI_createCanvas), (232 bytes).
    Removing gui.o(i.GUI_drawFrame), (94 bytes).
    Removing gui.o(i.GUI_drawPicture), (8 bytes).
    Removing gui.o(i.GUI_drawPoint), (660 bytes).
    Removing gui.o(i.GUI_floatToStr), (200 bytes).
    Removing gui.o(i.GUI_getTouchPoint), (2 bytes).
    Removing gui.o(i.GUI_intToStr), (120 bytes).
    Removing gui.o(i.GUI_labelChangeMainColor), (172 bytes).
    Removing gui.o(i.GUI_labelChangeText), (280 bytes).
    Removing gui.o(i.GUI_objHandler), (16 bytes).
    Removing gui.o(i.GUI_objSetHandlerFunc), (12 bytes).
    Removing gui.o(i.GUI_objectListReset), (20 bytes).
    Removing gui.o(.constdata), (1536 bytes).
    Removing picture.o(.rev16_text), (4 bytes).
    Removing picture.o(.revsh_text), (4 bytes).
    Removing picture.o(.rrx_text), (6 bytes).
    Removing picture.o(.constdata), (5416 bytes).
    Removing cpu.o(.rev16_text), (4 bytes).
    Removing cpu.o(.revsh_text), (4 bytes).
    Removing cpu.o(.rrx_text), (6 bytes).
    Removing cpu.o(.constdata), (1536 bytes).
    Removing lcd_ili9341.o(.rev16_text), (4 bytes).
    Removing lcd_ili9341.o(.revsh_text), (4 bytes).
    Removing lcd_ili9341.o(.rrx_text), (6 bytes).
    Removing lcd_ili9341.o(i.LCD_drawPicture), (168 bytes).
    Removing lcd_ili9341.o(.constdata), (1536 bytes).
    Removing spi.o(.rev16_text), (4 bytes).
    Removing spi.o(.revsh_text), (4 bytes).
    Removing spi.o(.rrx_text), (6 bytes).
    Removing spi.o(.constdata), (1536 bytes).
    Removing port_cfg.o(.rev16_text), (4 bytes).
    Removing port_cfg.o(.revsh_text), (4 bytes).
    Removing port_cfg.o(.rrx_text), (6 bytes).
    Removing port_cfg.o(i.portCheckBitForValid), (170 bytes).
    Removing port_cfg.o(i.portCheckOeForValid), (6 bytes).
    Removing port_cfg.o(i.portResetBits), (14 bytes).
    Removing port_cfg.o(i.portSetBits), (16 bytes).
    Removing port_cfg.o(i.portSetupGfen), (20 bytes).
    Removing port_cfg.o(i.portsSetupAsInput), (68 bytes).
    Removing port_cfg.o(.constdata), (1536 bytes).
    Removing port_setup.o(.rev16_text), (4 bytes).
    Removing port_setup.o(.revsh_text), (4 bytes).
    Removing port_setup.o(.rrx_text), (6 bytes).
    Removing port_setup.o(i.portSetupGpi), (2 bytes).
    Removing port_setup.o(.constdata), (1536 bytes).
    Removing timer.o(.rev16_text), (4 bytes).
    Removing timer.o(.revsh_text), (4 bytes).
    Removing timer.o(.rrx_text), (6 bytes).
    Removing timer.o(i.delay_us), (38 bytes).
    Removing timer.o(.constdata), (1536 bytes).
    Removing adc.o(.rev16_text), (4 bytes).
    Removing adc.o(.revsh_text), (4 bytes).
    Removing adc.o(.rrx_text), (6 bytes).
    Removing adc.o(i.ADC_read), (56 bytes).
    Removing adc.o(.constdata), (1536 bytes).
    Removing system_mdr32f9qx.o(.rev16_text), (4 bytes).
    Removing system_mdr32f9qx.o(.revsh_text), (4 bytes).
    Removing system_mdr32f9qx.o(.rrx_text), (6 bytes).
    Removing mdr32f9qx_bkp.o(.rev16_text), (4 bytes).
    Removing mdr32f9qx_bkp.o(.revsh_text), (4 bytes).
    Removing mdr32f9qx_bkp.o(.rrx_text), (6 bytes).
    Removing mdr32f9qx_bkp.o(i.BKP_DeInit), (76 bytes).
    Removing mdr32f9qx_bkp.o(i.BKP_JTAGA_CMD), (12 bytes).
    Removing mdr32f9qx_bkp.o(i.BKP_JTAGB_CMD), (12 bytes).
    Removing mdr32f9qx_bkp.o(i.BKP_RTC_Calibration), (28 bytes).
    Removing mdr32f9qx_bkp.o(i.BKP_RTC_Enable), (12 bytes).
    Removing mdr32f9qx_bkp.o(i.BKP_RTC_GetCounter), (12 bytes).
    Removing mdr32f9qx_bkp.o(i.BKP_RTC_GetDivider), (12 bytes).
    Removing mdr32f9qx_bkp.o(i.BKP_RTC_GetFlagStatus), (24 bytes).
    Removing mdr32f9qx_bkp.o(i.BKP_RTC_ITConfig), (32 bytes).
    Removing mdr32f9qx_bkp.o(i.BKP_RTC_Reset), (12 bytes).
    Removing mdr32f9qx_bkp.o(i.BKP_RTC_SetAlarm), (12 bytes).
    Removing mdr32f9qx_bkp.o(i.BKP_RTC_SetCounter), (12 bytes).
    Removing mdr32f9qx_bkp.o(i.BKP_RTC_SetPrescaler), (12 bytes).
    Removing mdr32f9qx_bkp.o(i.BKP_RTC_WaitForUpdate), (16 bytes).
    Removing mdr32f9qx_bkp.o(i.BKP_RTCclkSource), (24 bytes).
    Removing mdr32f9qx_port.o(.rev16_text), (4 bytes).
    Removing mdr32f9qx_port.o(.revsh_text), (4 bytes).
    Removing mdr32f9qx_port.o(.rrx_text), (6 bytes).
    Removing mdr32f9qx_port.o(i.PORT_DeInit), (20 bytes).
    Removing mdr32f9qx_port.o(i.PORT_Init), (456 bytes).
    Removing mdr32f9qx_port.o(i.PORT_ReadInputData), (6 bytes).
    Removing mdr32f9qx_port.o(i.PORT_ReadInputDataBit), (16 bytes).
    Removing mdr32f9qx_port.o(i.PORT_StructInit), (28 bytes).
    Removing mdr32f9qx_port.o(i.PORT_Write), (24 bytes).
    Removing mdr32f9qx_port.o(i.PORT_WriteBit), (44 bytes).
    Removing mdr32f9qx_rst_clk.o(.rev16_text), (4 bytes).
    Removing mdr32f9qx_rst_clk.o(.revsh_text), (4 bytes).
    Removing mdr32f9qx_rst_clk.o(.rrx_text), (6 bytes).
    Removing mdr32f9qx_rst_clk.o(i.RST_CLK_ADCclkEnable), (12 bytes).
    Removing mdr32f9qx_rst_clk.o(i.RST_CLK_ADCclkPrescaler), (24 bytes).
    Removing mdr32f9qx_rst_clk.o(i.RST_CLK_ADCclkSelection), (20 bytes).
    Removing mdr32f9qx_rst_clk.o(i.RST_CLK_DeInit), (44 bytes).
    Removing mdr32f9qx_rst_clk.o(i.RST_CLK_GetClocksFreq), (628 bytes).
    Removing mdr32f9qx_rst_clk.o(i.RST_CLK_HSEclkPrescaler), (20 bytes).
    Removing mdr32f9qx_rst_clk.o(i.RST_CLK_HSIadjust), (24 bytes).
    Removing mdr32f9qx_rst_clk.o(i.RST_CLK_HSIclkPrescaler), (24 bytes).
    Removing mdr32f9qx_rst_clk.o(i.RST_CLK_HSIcmd), (12 bytes).
    Removing mdr32f9qx_rst_clk.o(i.RST_CLK_HSIstatus), (52 bytes).
    Removing mdr32f9qx_rst_clk.o(i.RST_CLK_LSEconfig), (60 bytes).
    Removing mdr32f9qx_rst_clk.o(i.RST_CLK_LSEstatus), (52 bytes).
    Removing mdr32f9qx_rst_clk.o(i.RST_CLK_LSIadjust), (24 bytes).
    Removing mdr32f9qx_rst_clk.o(i.RST_CLK_LSIcmd), (12 bytes).
    Removing mdr32f9qx_rst_clk.o(i.RST_CLK_LSIstatus), (52 bytes).
    Removing mdr32f9qx_rst_clk.o(i.RST_CLK_RTC_HSEclkEnable), (12 bytes).
    Removing mdr32f9qx_rst_clk.o(i.RST_CLK_RTC_HSIclkEnable), (12 bytes).
    Removing mdr32f9qx_rst_clk.o(i.RST_CLK_USB_PLLcmd), (12 bytes).
    Removing mdr32f9qx_rst_clk.o(i.RST_CLK_USB_PLLconfig), (64 bytes).
    Removing mdr32f9qx_rst_clk.o(i.RST_CLK_USB_PLLstatus), (52 bytes).
    Removing mdr32f9qx_rst_clk.o(i.RST_CLK_USB_PLLuse), (12 bytes).
    Removing mdr32f9qx_rst_clk.o(i.RST_CLK_USBclkEnable), (12 bytes).
    Removing mdr32f9qx_rst_clk.o(i.RST_CLK_USBclkPrescaler), (12 bytes).
    Removing mdr32f9qx_rst_clk.o(i.RST_CLK_WarmDeInit), (84 bytes).
    Removing mdr32f9qx_timer.o(.rev16_text), (4 bytes).
    Removing mdr32f9qx_timer.o(.revsh_text), (4 bytes).
    Removing mdr32f9qx_timer.o(.rrx_text), (6 bytes).
    Removing mdr32f9qx_timer.o(i.TIMER_BRKPolarityConfig), (14 bytes).
    Removing mdr32f9qx_timer.o(i.TIMER_ChnBRKResetConfig), (24 bytes).
    Removing mdr32f9qx_timer.o(i.TIMER_ChnCCR1_Cmd), (30 bytes).
    Removing mdr32f9qx_timer.o(i.TIMER_ChnCCR1_EventSourceConfig), (24 bytes).
    Removing mdr32f9qx_timer.o(i.TIMER_ChnCapturePrescalerConfig), (26 bytes).
    Removing mdr32f9qx_timer.o(i.TIMER_ChnCompare1Config), (32 bytes).
    Removing mdr32f9qx_timer.o(i.TIMER_ChnCompareConfig), (32 bytes).
    Removing mdr32f9qx_timer.o(i.TIMER_ChnETRResetConfig), (24 bytes).
    Removing mdr32f9qx_timer.o(i.TIMER_ChnETR_Cmd), (30 bytes).
    Removing mdr32f9qx_timer.o(i.TIMER_ChnEventSourceConfig), (24 bytes).
    Removing mdr32f9qx_timer.o(i.TIMER_ChnFilterConfig), (24 bytes).
    Removing mdr32f9qx_timer.o(i.TIMER_ChnInit), (70 bytes).
    Removing mdr32f9qx_timer.o(i.TIMER_ChnNOutConfig), (36 bytes).
    Removing mdr32f9qx_timer.o(i.TIMER_ChnNOutModeConfig), (26 bytes).
    Removing mdr32f9qx_timer.o(i.TIMER_ChnNOutPolarityConfig), (26 bytes).
    Removing mdr32f9qx_timer.o(i.TIMER_ChnNOutSourceConfig), (26 bytes).
    Removing mdr32f9qx_timer.o(i.TIMER_ChnOutConfig), (34 bytes).
    Removing mdr32f9qx_timer.o(i.TIMER_ChnOutDTGConfig), (20 bytes).
    Removing mdr32f9qx_timer.o(i.TIMER_ChnOutInit), (66 bytes).
    Removing mdr32f9qx_timer.o(i.TIMER_ChnOutModeConfig), (24 bytes).
    Removing mdr32f9qx_timer.o(i.TIMER_ChnOutPolarityConfig), (26 bytes).
    Removing mdr32f9qx_timer.o(i.TIMER_ChnOutSourceConfig), (26 bytes).
    Removing mdr32f9qx_timer.o(i.TIMER_ChnOutStructInit), (22 bytes).
    Removing mdr32f9qx_timer.o(i.TIMER_ChnREFFormatConfig), (24 bytes).
    Removing mdr32f9qx_timer.o(i.TIMER_ChnStructInit), (28 bytes).
    Removing mdr32f9qx_timer.o(i.TIMER_ClearFlag), (8 bytes).
    Removing mdr32f9qx_timer.o(i.TIMER_CntAutoreloadConfig), (18 bytes).
    Removing mdr32f9qx_timer.o(i.TIMER_CntEventSourceConfig), (14 bytes).
    Removing mdr32f9qx_timer.o(i.TIMER_CounterModeConfig), (14 bytes).
    Removing mdr32f9qx_timer.o(i.TIMER_DMACmd), (18 bytes).
    Removing mdr32f9qx_timer.o(i.TIMER_ETRFilterConfig), (16 bytes).
    Removing mdr32f9qx_timer.o(i.TIMER_ETRInputConfig), (22 bytes).
    Removing mdr32f9qx_timer.o(i.TIMER_ETRPolarityConfig), (14 bytes).
    Removing mdr32f9qx_timer.o(i.TIMER_ETRPrescalerConfig), (14 bytes).
    Removing mdr32f9qx_timer.o(i.TIMER_FilterSamplingConfig), (14 bytes).
    Removing mdr32f9qx_timer.o(i.TIMER_GetChnCapture), (18 bytes).
    Removing mdr32f9qx_timer.o(i.TIMER_GetChnCapture1), (18 bytes).
    Removing mdr32f9qx_timer.o(i.TIMER_GetChnWriteComplete), (28 bytes).
    Removing mdr32f9qx_timer.o(i.TIMER_GetCntWriteComplete), (18 bytes).
    Removing mdr32f9qx_timer.o(i.TIMER_GetCounter), (8 bytes).
    Removing mdr32f9qx_timer.o(i.TIMER_GetCounterDirection), (18 bytes).
    Removing mdr32f9qx_timer.o(i.TIMER_GetFlagStatus), (16 bytes).
    Removing mdr32f9qx_timer.o(i.TIMER_GetITStatus), (24 bytes).
    Removing mdr32f9qx_timer.o(i.TIMER_GetStatus), (6 bytes).
    Removing mdr32f9qx_timer.o(i.TIMER_ITConfig), (18 bytes).
    Removing mdr32f9qx_timer.o(i.TIMER_SetChnCompare), (14 bytes).
    Removing mdr32f9qx_timer.o(i.TIMER_SetChnCompare1), (14 bytes).
    Removing mdr32f9qx_timer.o(i.TIMER_SetCntAutoreload), (4 bytes).
    Removing mdr32f9qx_timer.o(i.TIMER_SetCntPrescaler), (4 bytes).
    Removing mdr32f9qx_timer.o(i.TIMER_SetCounter), (4 bytes).
    Removing mdr32f9qx_timer.o(i.TIMER_SetCounterDirection), (14 bytes).

201 unused section(s) (total 31912 bytes) removed from the image.

==============================================================================

Image Symbol Table

    Local Symbols

    Symbol Name                              Value     Ov Type        Size  Object(Section)

    ../clib/angel/boardlib.s                 0x00000000   Number         0  boardinit3.o ABSOLUTE
    ../clib/angel/boardlib.s                 0x00000000   Number         0  boardshut.o ABSOLUTE
    ../clib/angel/boardlib.s                 0x00000000   Number         0  boardinit2.o ABSOLUTE
    ../clib/angel/boardlib.s                 0x00000000   Number         0  boardinit1.o ABSOLUTE
    ../clib/angel/handlers.s                 0x00000000   Number         0  __scatter_zi.o ABSOLUTE
    ../clib/angel/handlers.s                 0x00000000   Number         0  __scatter_copy.o ABSOLUTE
    ../clib/angel/kernel.s                   0x00000000   Number         0  __rtentry2.o ABSOLUTE
    ../clib/angel/kernel.s                   0x00000000   Number         0  rtexit.o ABSOLUTE
    ../clib/angel/kernel.s                   0x00000000   Number         0  __rtentry4.o ABSOLUTE
    ../clib/angel/kernel.s                   0x00000000   Number         0  rtexit2.o ABSOLUTE
    ../clib/angel/kernel.s                   0x00000000   Number         0  __rtentry.o ABSOLUTE
    ../clib/angel/rt.s                       0x00000000   Number         0  rt_raise.o ABSOLUTE
    ../clib/angel/scatter.s                  0x00000000   Number         0  __scatter.o ABSOLUTE
    ../clib/angel/startup.s                  0x00000000   Number         0  __main.o ABSOLUTE
    ../clib/angel/sys.s                      0x00000000   Number         0  libspace.o ABSOLUTE
    ../clib/angel/sys.s                      0x00000000   Number         0  sys_stackheap_outer.o ABSOLUTE
    ../clib/angel/sys.s                      0x00000000   Number         0  use_no_semi.o ABSOLUTE
    ../clib/angel/sys.s                      0x00000000   Number         0  indicate_semi.o ABSOLUTE
    ../clib/angel/sysapp.c                   0x00000000   Number         0  sys_exit.o ABSOLUTE
    ../clib/angel/sysapp.c                   0x00000000   Number         0  sys_command.o ABSOLUTE
    ../clib/angel/sysapp.c                   0x00000000   Number         0  sys_wrch.o ABSOLUTE
    ../clib/armsys.c                         0x00000000   Number         0  argv_veneer.o ABSOLUTE
    ../clib/armsys.c                         0x00000000   Number         0  argv_veneer.o ABSOLUTE
    ../clib/armsys.c                         0x00000000   Number         0  _get_argv_nomalloc.o ABSOLUTE
    ../clib/armsys.c                         0x00000000   Number         0  no_argv.o ABSOLUTE
    ../clib/heapalloc.c                      0x00000000   Number         0  hrguard.o ABSOLUTE
    ../clib/heapaux.c                        0x00000000   Number         0  heapauxi.o ABSOLUTE
    ../clib/libinit.s                        0x00000000   Number         0  libshutdown2.o ABSOLUTE
    ../clib/libinit.s                        0x00000000   Number         0  libinit.o ABSOLUTE
    ../clib/libinit.s                        0x00000000   Number         0  libinit2.o ABSOLUTE
    ../clib/libinit.s                        0x00000000   Number         0  libshutdown.o ABSOLUTE
    ../clib/signal.c                         0x00000000   Number         0  defsig_rtred_inner.o ABSOLUTE
    ../clib/signal.c                         0x00000000   Number         0  defsig_fpe_inner.o ABSOLUTE
    ../clib/signal.c                         0x00000000   Number         0  defsig_abrt_inner.o ABSOLUTE
    ../clib/signal.c                         0x00000000   Number         0  defsig_general.o ABSOLUTE
    ../clib/signal.c                         0x00000000   Number         0  __raise.o ABSOLUTE
    ../clib/signal.c                         0x00000000   Number         0  defsig_rtmem_inner.o ABSOLUTE
    ../clib/signal.c                         0x00000000   Number         0  defsig_exit.o ABSOLUTE
    ../clib/signal.c                         0x00000000   Number         0  defsig_rtmem_formal.o ABSOLUTE
    ../clib/signal.c                         0x00000000   Number         0  defsig_rtmem_outer.o ABSOLUTE
    ../clib/signal.c                         0x00000000   Number         0  defsig_other.o ABSOLUTE
    ../clib/signal.c                         0x00000000   Number         0  defsig_segv_inner.o ABSOLUTE
    ../clib/signal.c                         0x00000000   Number         0  defsig_cppl_inner.o ABSOLUTE
    ../clib/signal.c                         0x00000000   Number         0  defsig_pvfn_inner.o ABSOLUTE
    ../clib/signal.c                         0x00000000   Number         0  defsig_stak_inner.o ABSOLUTE
    ../clib/signal.s                         0x00000000   Number         0  defsig.o ABSOLUTE
    ../clib/stdlib.c                         0x00000000   Number         0  exit.o ABSOLUTE
    ../fplib/fcmpi.s                         0x00000000   Number         0  fcmpi.o ABSOLUTE
    ../fplib/ffix.s                          0x00000000   Number         0  ffix.o ABSOLUTE
    ../fplib/fleqf.s                         0x00000000   Number         0  fleqf.o ABSOLUTE
    ../fplib/fmul.s                          0x00000000   Number         0  fmul.o ABSOLUTE
    ../fplib/fnaninf.s                       0x00000000   Number         0  fnaninf.o ABSOLUTE
    ../fplib/fpinit.s                        0x00000000   Number         0  fpinit.o ABSOLUTE
    ../fplib/fretinf.s                       0x00000000   Number         0  fretinf.o ABSOLUTE
    ../fplib/usenofp.s                       0x00000000   Number         0  usenofp.o ABSOLUTE
    C:\Keil_v5\ARM\PACK\Keil\MDR1986BExx\1.5\Libraries\MDR32F9Qx_StdPeriph_Driver\src\MDR32F9Qx_bkp.c 0x00000000   Number         0  mdr32f9qx_bkp.o ABSOLUTE
    C:\Keil_v5\ARM\PACK\Keil\MDR1986BExx\1.5\Libraries\MDR32F9Qx_StdPeriph_Driver\src\MDR32F9Qx_port.c 0x00000000   Number         0  mdr32f9qx_port.o ABSOLUTE
    C:\Keil_v5\ARM\PACK\Keil\MDR1986BExx\1.5\Libraries\MDR32F9Qx_StdPeriph_Driver\src\MDR32F9Qx_rst_clk.c 0x00000000   Number         0  mdr32f9qx_rst_clk.o ABSOLUTE
    C:\Keil_v5\ARM\PACK\Keil\MDR1986BExx\1.5\Libraries\MDR32F9Qx_StdPeriph_Driver\src\MDR32F9Qx_timer.c 0x00000000   Number         0  mdr32f9qx_timer.o ABSOLUTE
    C:\\Keil_v5\\ARM\\PACK\\Keil\\MDR1986BExx\\1.5\\Libraries\\MDR32F9Qx_StdPeriph_Driver\\src\\MDR32F9Qx_bkp.c 0x00000000   Number         0  mdr32f9qx_bkp.o ABSOLUTE
    C:\\Keil_v5\\ARM\\PACK\\Keil\\MDR1986BExx\\1.5\\Libraries\\MDR32F9Qx_StdPeriph_Driver\\src\\MDR32F9Qx_port.c 0x00000000   Number         0  mdr32f9qx_port.o ABSOLUTE
    C:\\Keil_v5\\ARM\\PACK\\Keil\\MDR1986BExx\\1.5\\Libraries\\MDR32F9Qx_StdPeriph_Driver\\src\\MDR32F9Qx_rst_clk.c 0x00000000   Number         0  mdr32f9qx_rst_clk.o ABSOLUTE
    C:\\Keil_v5\\ARM\\PACK\\Keil\\MDR1986BExx\\1.5\\Libraries\\MDR32F9Qx_StdPeriph_Driver\\src\\MDR32F9Qx_timer.c 0x00000000   Number         0  mdr32f9qx_timer.o ABSOLUTE
    RTE\Device\MDR1986BE92\startup_MDR32F9Qx.s 0x00000000   Number         0  startup_mdr32f9qx.o ABSOLUTE
    RTE\Device\MDR1986BE92\system_MDR32F9Qx.c 0x00000000   Number         0  system_mdr32f9qx.o ABSOLUTE
    RTE\\Device\\MDR1986BE92\\system_MDR32F9Qx.c 0x00000000   Number         0  system_mdr32f9qx.o ABSOLUTE
    dc.s                                     0x00000000   Number         0  dc.o ABSOLUTE
    lib\App\GUI_FFT.c                        0x00000000   Number         0  gui_fft.o ABSOLUTE
    lib\App\main.c                           0x00000000   Number         0  main.o ABSOLUTE
    lib\Func\FFT.c                           0x00000000   Number         0  fft.o ABSOLUTE
    lib\Func\Font.c                          0x00000000   Number         0  font.o ABSOLUTE
    lib\Func\GUI.c                           0x00000000   Number         0  gui.o ABSOLUTE
    lib\Func\Picture.c                       0x00000000   Number         0  picture.o ABSOLUTE
    lib\HW\ADC.c                             0x00000000   Number         0  adc.o ABSOLUTE
    lib\HW\CPU.c                             0x00000000   Number         0  cpu.o ABSOLUTE
    lib\HW\LCD_ILI9341.c                     0x00000000   Number         0  lcd_ili9341.o ABSOLUTE
    lib\HW\Port_Cfg.c                        0x00000000   Number         0  port_cfg.o ABSOLUTE
    lib\HW\Port_Setup.c                      0x00000000   Number         0  port_setup.o ABSOLUTE
    lib\HW\SPI.c                             0x00000000   Number         0  spi.o ABSOLUTE
    lib\HW\Timer.c                           0x00000000   Number         0  timer.o ABSOLUTE
    lib\\App\\GUI_FFT.c                      0x00000000   Number         0  gui_fft.o ABSOLUTE
    lib\\App\\main.c                         0x00000000   Number         0  main.o ABSOLUTE
    lib\\Func\\FFT.c                         0x00000000   Number         0  fft.o ABSOLUTE
    lib\\Func\\Font.c                        0x00000000   Number         0  font.o ABSOLUTE
    lib\\Func\\GUI.c                         0x00000000   Number         0  gui.o ABSOLUTE
    lib\\Func\\Picture.c                     0x00000000   Number         0  picture.o ABSOLUTE
    lib\\HW\\ADC.c                           0x00000000   Number         0  adc.o ABSOLUTE
    lib\\HW\\CPU.c                           0x00000000   Number         0  cpu.o ABSOLUTE
    lib\\HW\\LCD_ILI9341.c                   0x00000000   Number         0  lcd_ili9341.o ABSOLUTE
    lib\\HW\\Port_Cfg.c                      0x00000000   Number         0  port_cfg.o ABSOLUTE
    lib\\HW\\Port_Setup.c                    0x00000000   Number         0  port_setup.o ABSOLUTE
    lib\\HW\\SPI.c                           0x00000000   Number         0  spi.o ABSOLUTE
    lib\\HW\\Timer.c                         0x00000000   Number         0  timer.o ABSOLUTE
    RESET                                    0x08000000   Section      192  startup_mdr32f9qx.o(RESET)
    !!!main                                  0x080000c0   Section        8  __main.o(!!!main)
    !!!scatter                               0x080000c8   Section       52  __scatter.o(!!!scatter)
    !!handler_copy                           0x080000fc   Section       26  __scatter_copy.o(!!handler_copy)
    !!handler_zi                             0x08000118   Section       28  __scatter_zi.o(!!handler_zi)
    .ARM.Collect$$libinit$$00000000          0x08000134   Section        2  libinit.o(.ARM.Collect$$libinit$$00000000)
    .ARM.Collect$$libinit$$00000002          0x08000136   Section        0  libinit2.o(.ARM.Collect$$libinit$$00000002)
    .ARM.Collect$$libinit$$00000004          0x08000136   Section        0  libinit2.o(.ARM.Collect$$libinit$$00000004)
    .ARM.Collect$$libinit$$0000000A          0x08000136   Section        0  libinit2.o(.ARM.Collect$$libinit$$0000000A)
    .ARM.Collect$$libinit$$0000000C          0x08000136   Section        0  libinit2.o(.ARM.Collect$$libinit$$0000000C)
    .ARM.Collect$$libinit$$0000000E          0x08000136   Section        0  libinit2.o(.ARM.Collect$$libinit$$0000000E)
    .ARM.Collect$$libinit$$00000011          0x08000136   Section        0  libinit2.o(.ARM.Collect$$libinit$$00000011)
    .ARM.Collect$$libinit$$00000013          0x08000136   Section        0  libinit2.o(.ARM.Collect$$libinit$$00000013)
    .ARM.Collect$$libinit$$00000015          0x08000136   Section        0  libinit2.o(.ARM.Collect$$libinit$$00000015)
    .ARM.Collect$$libinit$$00000017          0x08000136   Section        0  libinit2.o(.ARM.Collect$$libinit$$00000017)
    .ARM.Collect$$libinit$$00000019          0x08000136   Section        0  libinit2.o(.ARM.Collect$$libinit$$00000019)
    .ARM.Collect$$libinit$$0000001B          0x08000136   Section        0  libinit2.o(.ARM.Collect$$libinit$$0000001B)
    .ARM.Collect$$libinit$$0000001D          0x08000136   Section        0  libinit2.o(.ARM.Collect$$libinit$$0000001D)
    .ARM.Collect$$libinit$$0000001F          0x08000136   Section        0  libinit2.o(.ARM.Collect$$libinit$$0000001F)
    .ARM.Collect$$libinit$$00000021          0x08000136   Section        0  libinit2.o(.ARM.Collect$$libinit$$00000021)
    .ARM.Collect$$libinit$$00000023          0x08000136   Section        0  libinit2.o(.ARM.Collect$$libinit$$00000023)
    .ARM.Collect$$libinit$$00000025          0x08000136   Section        0  libinit2.o(.ARM.Collect$$libinit$$00000025)
    .ARM.Collect$$libinit$$0000002C          0x08000136   Section        0  libinit2.o(.ARM.Collect$$libinit$$0000002C)
    .ARM.Collect$$libinit$$0000002E          0x08000136   Section        0  libinit2.o(.ARM.Collect$$libinit$$0000002E)
    .ARM.Collect$$libinit$$00000030          0x08000136   Section        0  libinit2.o(.ARM.Collect$$libinit$$00000030)
    .ARM.Collect$$libinit$$00000032          0x08000136   Section        0  libinit2.o(.ARM.Collect$$libinit$$00000032)
    .ARM.Collect$$libinit$$00000033          0x08000136   Section        2  libinit2.o(.ARM.Collect$$libinit$$00000033)
    .ARM.Collect$$libshutdown$$00000000      0x08000138   Section        2  libshutdown.o(.ARM.Collect$$libshutdown$$00000000)
    .ARM.Collect$$libshutdown$$00000002      0x0800013a   Section        0  libshutdown2.o(.ARM.Collect$$libshutdown$$00000002)
    .ARM.Collect$$libshutdown$$00000004      0x0800013a   Section        0  libshutdown2.o(.ARM.Collect$$libshutdown$$00000004)
    .ARM.Collect$$libshutdown$$00000006      0x0800013a   Section        0  libshutdown2.o(.ARM.Collect$$libshutdown$$00000006)
    .ARM.Collect$$libshutdown$$00000009      0x0800013a   Section        0  libshutdown2.o(.ARM.Collect$$libshutdown$$00000009)
    .ARM.Collect$$libshutdown$$0000000C      0x0800013a   Section        0  libshutdown2.o(.ARM.Collect$$libshutdown$$0000000C)
    .ARM.Collect$$libshutdown$$0000000E      0x0800013a   Section        0  libshutdown2.o(.ARM.Collect$$libshutdown$$0000000E)
    .ARM.Collect$$libshutdown$$00000011      0x0800013a   Section        0  libshutdown2.o(.ARM.Collect$$libshutdown$$00000011)
    .ARM.Collect$$libshutdown$$00000012      0x0800013a   Section        2  libshutdown2.o(.ARM.Collect$$libshutdown$$00000012)
    .ARM.Collect$$rtentry$$00000000          0x0800013c   Section        0  __rtentry.o(.ARM.Collect$$rtentry$$00000000)
    .ARM.Collect$$rtentry$$00000002          0x0800013c   Section        0  __rtentry2.o(.ARM.Collect$$rtentry$$00000002)
    .ARM.Collect$$rtentry$$00000004          0x0800013c   Section        6  __rtentry4.o(.ARM.Collect$$rtentry$$00000004)
    .ARM.Collect$$rtentry$$00000009          0x08000142   Section        0  __rtentry2.o(.ARM.Collect$$rtentry$$00000009)
    .ARM.Collect$$rtentry$$0000000A          0x08000142   Section        4  __rtentry2.o(.ARM.Collect$$rtentry$$0000000A)
    .ARM.Collect$$rtentry$$0000000C          0x08000146   Section        0  __rtentry2.o(.ARM.Collect$$rtentry$$0000000C)
    .ARM.Collect$$rtentry$$0000000D          0x08000146   Section        8  __rtentry2.o(.ARM.Collect$$rtentry$$0000000D)
    .ARM.Collect$$rtexit$$00000000           0x0800014e   Section        2  rtexit.o(.ARM.Collect$$rtexit$$00000000)
    .ARM.Collect$$rtexit$$00000002           0x08000150   Section        0  rtexit2.o(.ARM.Collect$$rtexit$$00000002)
    .ARM.Collect$$rtexit$$00000003           0x08000150   Section        4  rtexit2.o(.ARM.Collect$$rtexit$$00000003)
    .ARM.Collect$$rtexit$$00000004           0x08000154   Section        6  rtexit2.o(.ARM.Collect$$rtexit$$00000004)
    .text                                    0x0800015c   Section       64  startup_mdr32f9qx.o(.text)
    .text                                    0x0800019c   Section        0  heapauxi.o(.text)
    .text                                    0x080001a2   Section       74  sys_stackheap_outer.o(.text)
    .text                                    0x080001ec   Section        0  exit.o(.text)
    .text                                    0x08000200   Section        8  libspace.o(.text)
    .text                                    0x08000208   Section        0  sys_exit.o(.text)
    .text                                    0x08000214   Section        2  use_no_semi.o(.text)
    .text                                    0x08000216   Section        0  indicate_semi.o(.text)
    i.ADC_init                               0x08000218   Section        0  adc.o(i.ADC_init)
    i.GUI_FFT_numInput                       0x08000228   Section        0  gui_fft.o(i.GUI_FFT_numInput)
    i.GUI_createButton                       0x08000540   Section        0  gui.o(i.GUI_createButton)
    i.GUI_createLabel                        0x08000734   Section        0  gui.o(i.GUI_createLabel)
    i.GUI_drawFilledFrame                    0x080008ac   Section        0  gui.o(i.GUI_drawFilledFrame)
    i.LCD_drawFilledRectangle                0x08000920   Section        0  lcd_ili9341.o(i.LCD_drawFilledRectangle)
    i.LCD_drawPixel                          0x080009a6   Section        0  lcd_ili9341.o(i.LCD_drawPixel)
    i.LCD_fill                               0x080009d6   Section        0  lcd_ili9341.o(i.LCD_fill)
    i.LCD_init                               0x08000a10   Section        0  lcd_ili9341.o(i.LCD_init)
    i.LCD_printChar                          0x08000c88   Section        0  lcd_ili9341.o(i.LCD_printChar)
    i.LCD_printString                        0x08000da8   Section        0  lcd_ili9341.o(i.LCD_printString)
    i.LCD_sendCommand                        0x08000dec   Section        0  lcd_ili9341.o(i.LCD_sendCommand)
    i.LCD_sendData                           0x08000e20   Section        0  lcd_ili9341.o(i.LCD_sendData)
    i.LCD_setCursorPosition                  0x08000e54   Section        0  lcd_ili9341.o(i.LCD_setCursorPosition)
    i.PORT_ResetBits                         0x08000ea0   Section        0  mdr32f9qx_port.o(i.PORT_ResetBits)
    i.PORT_SetBits                           0x08000ebc   Section        0  mdr32f9qx_port.o(i.PORT_SetBits)
    i.RST_CLK_CPU_PLLcmd                     0x08000ed8   Section        0  mdr32f9qx_rst_clk.o(i.RST_CLK_CPU_PLLcmd)
    i.RST_CLK_CPU_PLLconfig                  0x08000ee4   Section        0  mdr32f9qx_rst_clk.o(i.RST_CLK_CPU_PLLconfig)
    i.RST_CLK_CPU_PLLstatus                  0x08000f24   Section        0  mdr32f9qx_rst_clk.o(i.RST_CLK_CPU_PLLstatus)
    i.RST_CLK_CPU_PLLuse                     0x08000f58   Section        0  mdr32f9qx_rst_clk.o(i.RST_CLK_CPU_PLLuse)
    i.RST_CLK_CPUclkPrescaler                0x08000f64   Section        0  mdr32f9qx_rst_clk.o(i.RST_CLK_CPUclkPrescaler)
    i.RST_CLK_CPUclkSelection                0x08000f7c   Section        0  mdr32f9qx_rst_clk.o(i.RST_CLK_CPUclkSelection)
    i.RST_CLK_GetFlagStatus                  0x08000f90   Section        0  mdr32f9qx_rst_clk.o(i.RST_CLK_GetFlagStatus)
    i.RST_CLK_HSEconfig                      0x08000fc4   Section        0  mdr32f9qx_rst_clk.o(i.RST_CLK_HSEconfig)
    i.RST_CLK_HSEstatus                      0x08001000   Section        0  mdr32f9qx_rst_clk.o(i.RST_CLK_HSEstatus)
    i.RST_CLK_PCLKcmd                        0x08001034   Section        0  mdr32f9qx_rst_clk.o(i.RST_CLK_PCLKcmd)
    i.SPI2_Init                              0x08001054   Section        0  spi.o(i.SPI2_Init)
    i.SPI2_Reset                             0x0800107c   Section        0  spi.o(i.SPI2_Reset)
    i.SPI2_sendData                          0x08001090   Section        0  spi.o(i.SPI2_sendData)
    i.SystemCoreClockUpdate                  0x080010b8   Section        0  system_mdr32f9qx.o(i.SystemCoreClockUpdate)
    i.SystemInit                             0x08001148   Section        0  system_mdr32f9qx.o(i.SystemInit)
    i.TIMER_BRGInit                          0x08001188   Section        0  mdr32f9qx_timer.o(i.TIMER_BRGInit)
    i.TIMER_Cmd                              0x080011dc   Section        0  mdr32f9qx_timer.o(i.TIMER_Cmd)
    i.TIMER_CntInit                          0x080011f0   Section        0  mdr32f9qx_timer.o(i.TIMER_CntInit)
    i.TIMER_CntStructInit                    0x08001226   Section        0  mdr32f9qx_timer.o(i.TIMER_CntStructInit)
    i.TIMER_DeInit                           0x08001242   Section        0  mdr32f9qx_timer.o(i.TIMER_DeInit)
    i.Timer1_IRQHandler                      0x08001288   Section        0  timer.o(i.Timer1_IRQHandler)
    i.Timer1_init                            0x08001310   Section        0  timer.o(i.Timer1_init)
    i.Timer2_init                            0x08001368   Section        0  timer.o(i.Timer2_init)
    i.clockCpuSetup                          0x080013cc   Section        0  cpu.o(i.clockCpuSetup)
    i.clockPeriphInit                        0x08001444   Section        0  cpu.o(i.clockPeriphInit)
    i.clockSetup                             0x08001498   Section        0  cpu.o(i.clockSetup)
    i.delay_ms                               0x080014a4   Section        0  timer.o(i.delay_ms)
    i.main                                   0x080014cc   Section        0  main.o(i.main)
    i.portSetupAdc                           0x080014f8   Section        0  port_setup.o(i.portSetupAdc)
    i.portSetupFunc                          0x08001514   Section        0  port_cfg.o(i.portSetupFunc)
    i.portSetupGpo                           0x08001588   Section        0  port_setup.o(i.portSetupGpo)
    i.portSetupMode                          0x080015ac   Section        0  port_cfg.o(i.portSetupMode)
    i.portSetupOe                            0x080015c0   Section        0  port_cfg.o(i.portSetupOe)
    i.portSetupPd                            0x080015d4   Section        0  port_cfg.o(i.portSetupPd)
    i.portSetupPdShm                         0x080015e8   Section        0  port_cfg.o(i.portSetupPdShm)
    i.portSetupPullDown                      0x08001600   Section        0  port_cfg.o(i.portSetupPullDown)
    i.portSetupPullUp                        0x08001614   Section        0  port_cfg.o(i.portSetupPullUp)
    i.portSetupSpeed                         0x0800162c   Section        0  port_cfg.o(i.portSetupSpeed)
    i.portSetupSpi2                          0x080016a0   Section        0  port_setup.o(i.portSetupSpi2)
    i.portsSetup                             0x0800176c   Section        0  port_setup.o(i.portsSetup)
    i.portsSetupAsOutput                     0x0800177c   Section        0  port_cfg.o(i.portsSetupAsOutput)
    .constdata                               0x080017dc   Section     4152  font.o(.constdata)
    Sinewave                                 0x080017dc   Data        1536  font.o(.constdata)
    .data                                    0x20000000   Section        4  system_mdr32f9qx.o(.data)
    .bss                                     0x20000004   Section     1068  gui.o(.bss)
    .bss                                     0x20000430   Section       96  libspace.o(.bss)
    HEAP                                     0x20000490   Section      512  startup_mdr32f9qx.o(HEAP)
    Heap_Mem                                 0x20000490   Data         512  startup_mdr32f9qx.o(HEAP)
    STACK                                    0x20000690   Section     1024  startup_mdr32f9qx.o(STACK)
    Stack_Mem                                0x20000690   Data        1024  startup_mdr32f9qx.o(STACK)
    __initial_sp                             0x20000a90   Data           0  startup_mdr32f9qx.o(STACK)

    Global Symbols

    Symbol Name                              Value     Ov Type        Size  Object(Section)

    BuildAttributes$$THM_ISAv4$P$D$K$B$S$PE$A:L22UL41UL21$X:L11$S22US41US21$IEEE1$IW$USESV6$~STKCKD$USESV7$~SHL$OSPACE$ROPI$EBA8$UX$STANDARDLIB$REQ8$PRES8$EABIv2 0x00000000   Number         0  anon$$obj.o ABSOLUTE
    __ARM_use_no_argv                        0x00000000   Number         0  main.o ABSOLUTE
    __ARM_exceptions_init                     - Undefined Weak Reference
    __alloca_initialize                       - Undefined Weak Reference
    __arm_fini_                               - Undefined Weak Reference
    __arm_preinit_                            - Undefined Weak Reference
    __cpp_initialize__aeabi_                  - Undefined Weak Reference
    __cxa_finalize                            - Undefined Weak Reference
    __rt_locale                               - Undefined Weak Reference
    __sigvec_lookup                           - Undefined Weak Reference
    _atexit_init                              - Undefined Weak Reference
    _call_atexit_fns                          - Undefined Weak Reference
    _clock_init                               - Undefined Weak Reference
    _fp_trap_init                             - Undefined Weak Reference
    _fp_trap_shutdown                         - Undefined Weak Reference
    _get_lc_collate                           - Undefined Weak Reference
    _get_lc_ctype                             - Undefined Weak Reference
    _get_lc_monetary                          - Undefined Weak Reference
    _get_lc_numeric                           - Undefined Weak Reference
    _get_lc_time                              - Undefined Weak Reference
    _getenv_init                              - Undefined Weak Reference
    _handle_redirection                       - Undefined Weak Reference
    _init_alloc                               - Undefined Weak Reference
    _init_user_alloc                          - Undefined Weak Reference
    _initio                                   - Undefined Weak Reference
    _rand_init                                - Undefined Weak Reference
    _signal_finish                            - Undefined Weak Reference
    _signal_init                              - Undefined Weak Reference
    _terminate_alloc                          - Undefined Weak Reference
    _terminate_user_alloc                     - Undefined Weak Reference
    _terminateio                              - Undefined Weak Reference
    __Vectors_Size                           0x000000c0   Number         0  startup_mdr32f9qx.o ABSOLUTE
    __Vectors                                0x08000000   Data           4  startup_mdr32f9qx.o(RESET)
    __Vectors_End                            0x080000c0   Data           0  startup_mdr32f9qx.o(RESET)
    __main                                   0x080000c1   Thumb Code     8  __main.o(!!!main)
    __scatterload                            0x080000c9   Thumb Code     0  __scatter.o(!!!scatter)
    __scatterload_rt2                        0x080000c9   Thumb Code    44  __scatter.o(!!!scatter)
    __scatterload_rt2_thumb_only             0x080000c9   Thumb Code     0  __scatter.o(!!!scatter)
    __scatterload_null                       0x080000d7   Thumb Code     0  __scatter.o(!!!scatter)
    __scatterload_copy                       0x080000fd   Thumb Code    26  __scatter_copy.o(!!handler_copy)
    __scatterload_zeroinit                   0x08000119   Thumb Code    28  __scatter_zi.o(!!handler_zi)
    __rt_lib_init                            0x08000135   Thumb Code     0  libinit.o(.ARM.Collect$$libinit$$00000000)
    __rt_lib_init_alloca_1                   0x08000137   Thumb Code     0  libinit2.o(.ARM.Collect$$libinit$$0000002E)
    __rt_lib_init_argv_1                     0x08000137   Thumb Code     0  libinit2.o(.ARM.Collect$$libinit$$0000002C)
    __rt_lib_init_atexit_1                   0x08000137   Thumb Code     0  libinit2.o(.ARM.Collect$$libinit$$0000001B)
    __rt_lib_init_clock_1                    0x08000137   Thumb Code     0  libinit2.o(.ARM.Collect$$libinit$$00000021)
    __rt_lib_init_cpp_1                      0x08000137   Thumb Code     0  libinit2.o(.ARM.Collect$$libinit$$00000032)
    __rt_lib_init_exceptions_1               0x08000137   Thumb Code     0  libinit2.o(.ARM.Collect$$libinit$$00000030)
    __rt_lib_init_fp_1                       0x08000137   Thumb Code     0  libinit2.o(.ARM.Collect$$libinit$$00000002)
    __rt_lib_init_fp_trap_1                  0x08000137   Thumb Code     0  libinit2.o(.ARM.Collect$$libinit$$0000001F)
    __rt_lib_init_getenv_1                   0x08000137   Thumb Code     0  libinit2.o(.ARM.Collect$$libinit$$00000023)
    __rt_lib_init_heap_1                     0x08000137   Thumb Code     0  libinit2.o(.ARM.Collect$$libinit$$0000000A)
    __rt_lib_init_lc_collate_1               0x08000137   Thumb Code     0  libinit2.o(.ARM.Collect$$libinit$$00000011)
    __rt_lib_init_lc_ctype_1                 0x08000137   Thumb Code     0  libinit2.o(.ARM.Collect$$libinit$$00000013)
    __rt_lib_init_lc_monetary_1              0x08000137   Thumb Code     0  libinit2.o(.ARM.Collect$$libinit$$00000015)
    __rt_lib_init_lc_numeric_1               0x08000137   Thumb Code     0  libinit2.o(.ARM.Collect$$libinit$$00000017)
    __rt_lib_init_lc_time_1                  0x08000137   Thumb Code     0  libinit2.o(.ARM.Collect$$libinit$$00000019)
    __rt_lib_init_preinit_1                  0x08000137   Thumb Code     0  libinit2.o(.ARM.Collect$$libinit$$00000004)
    __rt_lib_init_rand_1                     0x08000137   Thumb Code     0  libinit2.o(.ARM.Collect$$libinit$$0000000E)
    __rt_lib_init_return                     0x08000137   Thumb Code     0  libinit2.o(.ARM.Collect$$libinit$$00000033)
    __rt_lib_init_signal_1                   0x08000137   Thumb Code     0  libinit2.o(.ARM.Collect$$libinit$$0000001D)
    __rt_lib_init_stdio_1                    0x08000137   Thumb Code     0  libinit2.o(.ARM.Collect$$libinit$$00000025)
    __rt_lib_init_user_alloc_1               0x08000137   Thumb Code     0  libinit2.o(.ARM.Collect$$libinit$$0000000C)
    __rt_lib_shutdown                        0x08000139   Thumb Code     0  libshutdown.o(.ARM.Collect$$libshutdown$$00000000)
    __rt_lib_shutdown_cpp_1                  0x0800013b   Thumb Code     0  libshutdown2.o(.ARM.Collect$$libshutdown$$00000004)
    __rt_lib_shutdown_fini_1                 0x0800013b   Thumb Code     0  libshutdown2.o(.ARM.Collect$$libshutdown$$00000002)
    __rt_lib_shutdown_fp_trap_1              0x0800013b   Thumb Code     0  libshutdown2.o(.ARM.Collect$$libshutdown$$00000009)
    __rt_lib_shutdown_heap_1                 0x0800013b   Thumb Code     0  libshutdown2.o(.ARM.Collect$$libshutdown$$00000011)
    __rt_lib_shutdown_return                 0x0800013b   Thumb Code     0  libshutdown2.o(.ARM.Collect$$libshutdown$$00000012)
    __rt_lib_shutdown_signal_1               0x0800013b   Thumb Code     0  libshutdown2.o(.ARM.Collect$$libshutdown$$0000000C)
    __rt_lib_shutdown_stdio_1                0x0800013b   Thumb Code     0  libshutdown2.o(.ARM.Collect$$libshutdown$$00000006)
    __rt_lib_shutdown_user_alloc_1           0x0800013b   Thumb Code     0  libshutdown2.o(.ARM.Collect$$libshutdown$$0000000E)
    __rt_entry                               0x0800013d   Thumb Code     0  __rtentry.o(.ARM.Collect$$rtentry$$00000000)
    __rt_entry_presh_1                       0x0800013d   Thumb Code     0  __rtentry2.o(.ARM.Collect$$rtentry$$00000002)
    __rt_entry_sh                            0x0800013d   Thumb Code     0  __rtentry4.o(.ARM.Collect$$rtentry$$00000004)
    __rt_entry_li                            0x08000143   Thumb Code     0  __rtentry2.o(.ARM.Collect$$rtentry$$0000000A)
    __rt_entry_postsh_1                      0x08000143   Thumb Code     0  __rtentry2.o(.ARM.Collect$$rtentry$$00000009)
    __rt_entry_main                          0x08000147   Thumb Code     0  __rtentry2.o(.ARM.Collect$$rtentry$$0000000D)
    __rt_entry_postli_1                      0x08000147   Thumb Code     0  __rtentry2.o(.ARM.Collect$$rtentry$$0000000C)
    __rt_exit                                0x0800014f   Thumb Code     0  rtexit.o(.ARM.Collect$$rtexit$$00000000)
    __rt_exit_ls                             0x08000151   Thumb Code     0  rtexit2.o(.ARM.Collect$$rtexit$$00000003)
    __rt_exit_prels_1                        0x08000151   Thumb Code     0  rtexit2.o(.ARM.Collect$$rtexit$$00000002)
    __rt_exit_exit                           0x08000155   Thumb Code     0  rtexit2.o(.ARM.Collect$$rtexit$$00000004)
    Reset_Handler                            0x0800015d   Thumb Code     8  startup_mdr32f9qx.o(.text)
    NMI_Handler                              0x08000165   Thumb Code     2  startup_mdr32f9qx.o(.text)
    HardFault_Handler                        0x08000167   Thumb Code     2  startup_mdr32f9qx.o(.text)
    MemManage_Handler                        0x08000169   Thumb Code     2  startup_mdr32f9qx.o(.text)
    BusFault_Handler                         0x0800016b   Thumb Code     2  startup_mdr32f9qx.o(.text)
    UsageFault_Handler                       0x0800016d   Thumb Code     2  startup_mdr32f9qx.o(.text)
    SVC_Handler                              0x0800016f   Thumb Code     2  startup_mdr32f9qx.o(.text)
    DebugMon_Handler                         0x08000171   Thumb Code     2  startup_mdr32f9qx.o(.text)
    PendSV_Handler                           0x08000173   Thumb Code     2  startup_mdr32f9qx.o(.text)
    SysTick_Handler                          0x08000175   Thumb Code     2  startup_mdr32f9qx.o(.text)
    ADC_IRQHandler                           0x08000177   Thumb Code     0  startup_mdr32f9qx.o(.text)
    BACKUP_IRQHandler                        0x08000177   Thumb Code     0  startup_mdr32f9qx.o(.text)
    CAN1_IRQHandler                          0x08000177   Thumb Code     0  startup_mdr32f9qx.o(.text)
    CAN2_IRQHandler                          0x08000177   Thumb Code     0  startup_mdr32f9qx.o(.text)
    COMPARATOR_IRQHandler                    0x08000177   Thumb Code     0  startup_mdr32f9qx.o(.text)
    DMA_IRQHandler                           0x08000177   Thumb Code     0  startup_mdr32f9qx.o(.text)
    EXT_INT1_IRQHandler                      0x08000177   Thumb Code     0  startup_mdr32f9qx.o(.text)
    EXT_INT2_IRQHandler                      0x08000177   Thumb Code     0  startup_mdr32f9qx.o(.text)
    EXT_INT3_IRQHandler                      0x08000177   Thumb Code     0  startup_mdr32f9qx.o(.text)
    EXT_INT4_IRQHandler                      0x08000177   Thumb Code     0  startup_mdr32f9qx.o(.text)
    I2C_IRQHandler                           0x08000177   Thumb Code     0  startup_mdr32f9qx.o(.text)
    POWER_IRQHandler                         0x08000177   Thumb Code     0  startup_mdr32f9qx.o(.text)
    SSP1_IRQHandler                          0x08000177   Thumb Code     0  startup_mdr32f9qx.o(.text)
    SSP2_IRQHandler                          0x08000177   Thumb Code     0  startup_mdr32f9qx.o(.text)
    Timer2_IRQHandler                        0x08000177   Thumb Code     0  startup_mdr32f9qx.o(.text)
    Timer3_IRQHandler                        0x08000177   Thumb Code     0  startup_mdr32f9qx.o(.text)
    UART1_IRQHandler                         0x08000177   Thumb Code     0  startup_mdr32f9qx.o(.text)
    UART2_IRQHandler                         0x08000177   Thumb Code     0  startup_mdr32f9qx.o(.text)
    USB_IRQHandler                           0x08000177   Thumb Code     0  startup_mdr32f9qx.o(.text)
    WWDG_IRQHandler                          0x08000177   Thumb Code     0  startup_mdr32f9qx.o(.text)
    __user_initial_stackheap                 0x08000179   Thumb Code     0  startup_mdr32f9qx.o(.text)
    __use_two_region_memory                  0x0800019d   Thumb Code     2  heapauxi.o(.text)
    __rt_heap_escrow$2region                 0x0800019f   Thumb Code     2  heapauxi.o(.text)
    __rt_heap_expand$2region                 0x080001a1   Thumb Code     2  heapauxi.o(.text)
    __user_setup_stackheap                   0x080001a3   Thumb Code    74  sys_stackheap_outer.o(.text)
    exit                                     0x080001ed   Thumb Code    18  exit.o(.text)
    __user_libspace                          0x08000201   Thumb Code     8  libspace.o(.text)
    __user_perproc_libspace                  0x08000201   Thumb Code     0  libspace.o(.text)
    __user_perthread_libspace                0x08000201   Thumb Code     0  libspace.o(.text)
    _sys_exit                                0x08000209   Thumb Code     8  sys_exit.o(.text)
    __I$use$semihosting                      0x08000215   Thumb Code     0  use_no_semi.o(.text)
    __use_no_semihosting_swi                 0x08000215   Thumb Code     2  use_no_semi.o(.text)
    __semihosting_library_function           0x08000217   Thumb Code     0  indicate_semi.o(.text)
    ADC_init                                 0x08000219   Thumb Code    10  adc.o(i.ADC_init)
    GUI_FFT_numInput                         0x08000229   Thumb Code   738  gui_fft.o(i.GUI_FFT_numInput)
    GUI_createButton                         0x08000541   Thumb Code   490  gui.o(i.GUI_createButton)
    GUI_createLabel                          0x08000735   Thumb Code   370  gui.o(i.GUI_createLabel)
    GUI_drawFilledFrame                      0x080008ad   Thumb Code   116  gui.o(i.GUI_drawFilledFrame)
    LCD_drawFilledRectangle                  0x08000921   Thumb Code   134  lcd_ili9341.o(i.LCD_drawFilledRectangle)
    LCD_drawPixel                            0x080009a7   Thumb Code    48  lcd_ili9341.o(i.LCD_drawPixel)
    LCD_fill                                 0x080009d7   Thumb Code    58  lcd_ili9341.o(i.LCD_fill)
    LCD_init                                 0x08000a11   Thumb Code   616  lcd_ili9341.o(i.LCD_init)
    LCD_printChar                            0x08000c89   Thumb Code   288  lcd_ili9341.o(i.LCD_printChar)
    LCD_printString                          0x08000da9   Thumb Code    68  lcd_ili9341.o(i.LCD_printString)
    LCD_sendCommand                          0x08000ded   Thumb Code    44  lcd_ili9341.o(i.LCD_sendCommand)
    LCD_sendData                             0x08000e21   Thumb Code    44  lcd_ili9341.o(i.LCD_sendData)
    LCD_setCursorPosition                    0x08000e55   Thumb Code    76  lcd_ili9341.o(i.LCD_setCursorPosition)
    PORT_ResetBits                           0x08000ea1   Thumb Code    22  mdr32f9qx_port.o(i.PORT_ResetBits)
    PORT_SetBits                             0x08000ebd   Thumb Code    22  mdr32f9qx_port.o(i.PORT_SetBits)
    RST_CLK_CPU_PLLcmd                       0x08000ed9   Thumb Code     6  mdr32f9qx_rst_clk.o(i.RST_CLK_CPU_PLLcmd)
    RST_CLK_CPU_PLLconfig                    0x08000ee5   Thumb Code    54  mdr32f9qx_rst_clk.o(i.RST_CLK_CPU_PLLconfig)
    RST_CLK_CPU_PLLstatus                    0x08000f25   Thumb Code    52  mdr32f9qx_rst_clk.o(i.RST_CLK_CPU_PLLstatus)
    RST_CLK_CPU_PLLuse                       0x08000f59   Thumb Code     6  mdr32f9qx_rst_clk.o(i.RST_CLK_CPU_PLLuse)
    RST_CLK_CPUclkPrescaler                  0x08000f65   Thumb Code    18  mdr32f9qx_rst_clk.o(i.RST_CLK_CPUclkPrescaler)
    RST_CLK_CPUclkSelection                  0x08000f7d   Thumb Code    16  mdr32f9qx_rst_clk.o(i.RST_CLK_CPUclkSelection)
    RST_CLK_GetFlagStatus                    0x08000f91   Thumb Code    42  mdr32f9qx_rst_clk.o(i.RST_CLK_GetFlagStatus)
    RST_CLK_HSEconfig                        0x08000fc5   Thumb Code    56  mdr32f9qx_rst_clk.o(i.RST_CLK_HSEconfig)
    RST_CLK_HSEstatus                        0x08001001   Thumb Code    52  mdr32f9qx_rst_clk.o(i.RST_CLK_HSEstatus)
    RST_CLK_PCLKcmd                          0x08001035   Thumb Code    26  mdr32f9qx_rst_clk.o(i.RST_CLK_PCLKcmd)
    SPI2_Init                                0x08001055   Thumb Code    32  spi.o(i.SPI2_Init)
    SPI2_Reset                               0x0800107d   Thumb Code    16  spi.o(i.SPI2_Reset)
    SPI2_sendData                            0x08001091   Thumb Code    34  spi.o(i.SPI2_sendData)
    SystemCoreClockUpdate                    0x080010b9   Thumb Code   130  system_mdr32f9qx.o(i.SystemCoreClockUpdate)
    SystemInit                               0x08001149   Thumb Code    54  system_mdr32f9qx.o(i.SystemInit)
    TIMER_BRGInit                            0x08001189   Thumb Code    68  mdr32f9qx_timer.o(i.TIMER_BRGInit)
    TIMER_Cmd                                0x080011dd   Thumb Code    20  mdr32f9qx_timer.o(i.TIMER_Cmd)
    TIMER_CntInit                            0x080011f1   Thumb Code    54  mdr32f9qx_timer.o(i.TIMER_CntInit)
    TIMER_CntStructInit                      0x08001227   Thumb Code    28  mdr32f9qx_timer.o(i.TIMER_CntStructInit)
    TIMER_DeInit                             0x08001243   Thumb Code    68  mdr32f9qx_timer.o(i.TIMER_DeInit)
    Timer1_IRQHandler                        0x08001289   Thumb Code   124  timer.o(i.Timer1_IRQHandler)
    Timer1_init                              0x08001311   Thumb Code    76  timer.o(i.Timer1_init)
    Timer2_init                              0x08001369   Thumb Code    92  timer.o(i.Timer2_init)
    clockCpuSetup                            0x080013cd   Thumb Code   112  cpu.o(i.clockCpuSetup)
    clockPeriphInit                          0x08001445   Thumb Code    84  cpu.o(i.clockPeriphInit)
    clockSetup                               0x08001499   Thumb Code    12  cpu.o(i.clockSetup)
    delay_ms                                 0x080014a5   Thumb Code    40  timer.o(i.delay_ms)
    main                                     0x080014cd   Thumb Code    44  main.o(i.main)
    portSetupAdc                             0x080014f9   Thumb Code    24  port_setup.o(i.portSetupAdc)
    portSetupFunc                            0x08001515   Thumb Code   114  port_cfg.o(i.portSetupFunc)
    portSetupGpo                             0x08001589   Thumb Code    28  port_setup.o(i.portSetupGpo)
    portSetupMode                            0x080015ad   Thumb Code    20  port_cfg.o(i.portSetupMode)
    portSetupOe                              0x080015c1   Thumb Code    20  port_cfg.o(i.portSetupOe)
    portSetupPd                              0x080015d5   Thumb Code    20  port_cfg.o(i.portSetupPd)
    portSetupPdShm                           0x080015e9   Thumb Code    24  port_cfg.o(i.portSetupPdShm)
    portSetupPullDown                        0x08001601   Thumb Code    20  port_cfg.o(i.portSetupPullDown)
    portSetupPullUp                          0x08001615   Thumb Code    24  port_cfg.o(i.portSetupPullUp)
    portSetupSpeed                           0x0800162d   Thumb Code   114  port_cfg.o(i.portSetupSpeed)
    portSetupSpi2                            0x080016a1   Thumb Code   200  port_setup.o(i.portSetupSpi2)
    portsSetup                               0x0800176d   Thumb Code    16  port_setup.o(i.portsSetup)
    portsSetupAsOutput                       0x0800177d   Thumb Code    96  port_cfg.o(i.portsSetupAsOutput)
    calibri_14ptBitmaps                      0x08001ddc   Data         590  font.o(.constdata)
    calibri_14ptDescriptorsBlock0            0x0800202a   Data          12  font.o(.constdata)
    calibri_14ptDescriptorsBlock1            0x08002036   Data          12  font.o(.constdata)
    calibri_14ptDescriptorsBlock2            0x08002042   Data           6  font.o(.constdata)
    calibri_14ptDescriptorsBlock3            0x08002048   Data           6  font.o(.constdata)
    calibri_14ptDescriptorsBlock4            0x0800204e   Data          12  font.o(.constdata)
    calibri_14ptDescriptorsBlock5            0x0800205a   Data          18  font.o(.constdata)
    calibri_14ptDescriptorsBlock6            0x0800206c   Data           6  font.o(.constdata)
    calibri_14ptDescriptorsBlock7            0x08002072   Data          12  font.o(.constdata)
    calibri_14ptDescriptorsBlock8            0x0800207e   Data          24  font.o(.constdata)
    calibri_14ptDescriptorsBlock9            0x08002096   Data           6  font.o(.constdata)
    calibri_14ptDescriptorsBlock10           0x0800209c   Data           6  font.o(.constdata)
    calibri_14ptDescriptorsBlock11           0x080020a2   Data           6  font.o(.constdata)
    calibri_14ptDescriptorsBlock12           0x080020a8   Data           6  font.o(.constdata)
    calibri_14ptDescriptorsBlock13           0x080020ae   Data          24  font.o(.constdata)
    calibri_14ptDescriptorsBlock14           0x080020c6   Data          42  font.o(.constdata)
    calibri_14ptDescriptorsBlock15           0x080020f0   Data           6  font.o(.constdata)
    calibri_14ptDescriptorsBlock16           0x080020f6   Data           6  font.o(.constdata)
    calibri_14ptDescriptorsBlock17           0x080020fc   Data           6  font.o(.constdata)
    calibri_14ptDescriptorsBlock18           0x08002102   Data           6  font.o(.constdata)
    calibri_14ptBlockLookup                  0x08002108   Data         152  font.o(.constdata)
    calibri_14ptFontInfo                     0x080021a0   Data          20  font.o(.constdata)
    impact_18ptBitmaps                       0x080021b4   Data        1242  font.o(.constdata)
    impact_18ptDescriptorsBlock0             0x0800268e   Data           6  font.o(.constdata)
    impact_18ptDescriptorsBlock1             0x08002694   Data          66  font.o(.constdata)
    impact_18ptDescriptorsBlock2             0x080026d6   Data           6  font.o(.constdata)
    impact_18ptDescriptorsBlock3             0x080026dc   Data          30  font.o(.constdata)
    impact_18ptDescriptorsBlock4             0x080026fa   Data          12  font.o(.constdata)
    impact_18ptDescriptorsBlock5             0x08002706   Data          12  font.o(.constdata)
    impact_18ptDescriptorsBlock6             0x08002712   Data           6  font.o(.constdata)
    impact_18ptDescriptorsBlock7             0x08002718   Data           6  font.o(.constdata)
    impact_18ptDescriptorsBlock8             0x0800271e   Data           6  font.o(.constdata)
    impact_18ptDescriptorsBlock9             0x08002724   Data           6  font.o(.constdata)
    impact_18ptDescriptorsBlock10            0x0800272a   Data           6  font.o(.constdata)
    impact_18ptDescriptorsBlock11            0x08002730   Data           6  font.o(.constdata)
    impact_18ptDescriptorsBlock12            0x08002736   Data          12  font.o(.constdata)
    impact_18ptDescriptorsBlock13            0x08002742   Data          30  font.o(.constdata)
    impact_18ptDescriptorsBlock14            0x08002760   Data          24  font.o(.constdata)
    impact_18ptDescriptorsBlock15            0x08002778   Data           6  font.o(.constdata)
    impact_18ptBlockLookup                   0x08002780   Data         128  font.o(.constdata)
    impact_18ptFontInfo                      0x08002800   Data          20  font.o(.constdata)
    Region$$Table$$Base                      0x08002814   Number         0  anon$$obj.o(Region$$Table)
    Region$$Table$$Limit                     0x08002834   Number         0  anon$$obj.o(Region$$Table)
    SystemCoreClock                          0x20000000   Data           4  system_mdr32f9qx.o(.data)
    GUI                                      0x20000004   Data        1068  gui.o(.bss)
    __libspace_start                         0x20000430   Data          96  libspace.o(.bss)
    __temporary_stack_top$libspace           0x20000490   Data           0  libspace.o(.bss)



==============================================================================

Memory Map of the image

  Image Entry point : 0x0800015d

  Load Region LR_1 (Base: 0x08000000, Size: 0x00002838, Max: 0xffffffff, ABSOLUTE)

    Execution Region ER_RO (Exec base: 0x08000000, Load base: 0x08000000, Size: 0x00002834, Max: 0xffffffff, ABSOLUTE)

    Exec Addr    Load Addr    Size         Type   Attr      Idx    E Section Name        Object

    0x08000000   0x08000000   0x000000c0   Data   RO          850    RESET               startup_mdr32f9qx.o
    0x080000c0   0x080000c0   0x00000008   Code   RO         1657  * !!!main             c_w.l(__main.o)
    0x080000c8   0x080000c8   0x00000034   Code   RO         1831    !!!scatter          c_w.l(__scatter.o)
    0x080000fc   0x080000fc   0x0000001a   Code   RO         1833    !!handler_copy      c_w.l(__scatter_copy.o)
    0x08000116   0x08000116   0x00000002   PAD
    0x08000118   0x08000118   0x0000001c   Code   RO         1835    !!handler_zi        c_w.l(__scatter_zi.o)
    0x08000134   0x08000134   0x00000002   Code   RO         1699    .ARM.Collect$$libinit$$00000000  c_w.l(libinit.o)
    0x08000136   0x08000136   0x00000000   Code   RO         1706    .ARM.Collect$$libinit$$00000002  c_w.l(libinit2.o)
    0x08000136   0x08000136   0x00000000   Code   RO         1708    .ARM.Collect$$libinit$$00000004  c_w.l(libinit2.o)
    0x08000136   0x08000136   0x00000000   Code   RO         1711    .ARM.Collect$$libinit$$0000000A  c_w.l(libinit2.o)
    0x08000136   0x08000136   0x00000000   Code   RO         1713    .ARM.Collect$$libinit$$0000000C  c_w.l(libinit2.o)
    0x08000136   0x08000136   0x00000000   Code   RO         1715    .ARM.Collect$$libinit$$0000000E  c_w.l(libinit2.o)
    0x08000136   0x08000136   0x00000000   Code   RO         1718    .ARM.Collect$$libinit$$00000011  c_w.l(libinit2.o)
    0x08000136   0x08000136   0x00000000   Code   RO         1720    .ARM.Collect$$libinit$$00000013  c_w.l(libinit2.o)
    0x08000136   0x08000136   0x00000000   Code   RO         1722    .ARM.Collect$$libinit$$00000015  c_w.l(libinit2.o)
    0x08000136   0x08000136   0x00000000   Code   RO         1724    .ARM.Collect$$libinit$$00000017  c_w.l(libinit2.o)
    0x08000136   0x08000136   0x00000000   Code   RO         1726    .ARM.Collect$$libinit$$00000019  c_w.l(libinit2.o)
    0x08000136   0x08000136   0x00000000   Code   RO         1728    .ARM.Collect$$libinit$$0000001B  c_w.l(libinit2.o)
    0x08000136   0x08000136   0x00000000   Code   RO         1730    .ARM.Collect$$libinit$$0000001D  c_w.l(libinit2.o)
    0x08000136   0x08000136   0x00000000   Code   RO         1732    .ARM.Collect$$libinit$$0000001F  c_w.l(libinit2.o)
    0x08000136   0x08000136   0x00000000   Code   RO         1734    .ARM.Collect$$libinit$$00000021  c_w.l(libinit2.o)
    0x08000136   0x08000136   0x00000000   Code   RO         1736    .ARM.Collect$$libinit$$00000023  c_w.l(libinit2.o)
    0x08000136   0x08000136   0x00000000   Code   RO         1738    .ARM.Collect$$libinit$$00000025  c_w.l(libinit2.o)
    0x08000136   0x08000136   0x00000000   Code   RO         1742    .ARM.Collect$$libinit$$0000002C  c_w.l(libinit2.o)
    0x08000136   0x08000136   0x00000000   Code   RO         1744    .ARM.Collect$$libinit$$0000002E  c_w.l(libinit2.o)
    0x08000136   0x08000136   0x00000000   Code   RO         1746    .ARM.Collect$$libinit$$00000030  c_w.l(libinit2.o)
    0x08000136   0x08000136   0x00000000   Code   RO         1748    .ARM.Collect$$libinit$$00000032  c_w.l(libinit2.o)
    0x08000136   0x08000136   0x00000002   Code   RO         1749    .ARM.Collect$$libinit$$00000033  c_w.l(libinit2.o)
    0x08000138   0x08000138   0x00000002   Code   RO         1769    .ARM.Collect$$libshutdown$$00000000  c_w.l(libshutdown.o)
    0x0800013a   0x0800013a   0x00000000   Code   RO         1782    .ARM.Collect$$libshutdown$$00000002  c_w.l(libshutdown2.o)
    0x0800013a   0x0800013a   0x00000000   Code   RO         1784    .ARM.Collect$$libshutdown$$00000004  c_w.l(libshutdown2.o)
    0x0800013a   0x0800013a   0x00000000   Code   RO         1786    .ARM.Collect$$libshutdown$$00000006  c_w.l(libshutdown2.o)
    0x0800013a   0x0800013a   0x00000000   Code   RO         1789    .ARM.Collect$$libshutdown$$00000009  c_w.l(libshutdown2.o)
    0x0800013a   0x0800013a   0x00000000   Code   RO         1792    .ARM.Collect$$libshutdown$$0000000C  c_w.l(libshutdown2.o)
    0x0800013a   0x0800013a   0x00000000   Code   RO         1794    .ARM.Collect$$libshutdown$$0000000E  c_w.l(libshutdown2.o)
    0x0800013a   0x0800013a   0x00000000   Code   RO         1797    .ARM.Collect$$libshutdown$$00000011  c_w.l(libshutdown2.o)
    0x0800013a   0x0800013a   0x00000002   Code   RO         1798    .ARM.Collect$$libshutdown$$00000012  c_w.l(libshutdown2.o)
    0x0800013c   0x0800013c   0x00000000   Code   RO         1667    .ARM.Collect$$rtentry$$00000000  c_w.l(__rtentry.o)
    0x0800013c   0x0800013c   0x00000000   Code   RO         1676    .ARM.Collect$$rtentry$$00000002  c_w.l(__rtentry2.o)
    0x0800013c   0x0800013c   0x00000006   Code   RO         1688    .ARM.Collect$$rtentry$$00000004  c_w.l(__rtentry4.o)
    0x08000142   0x08000142   0x00000000   Code   RO         1678    .ARM.Collect$$rtentry$$00000009  c_w.l(__rtentry2.o)
    0x08000142   0x08000142   0x00000004   Code   RO         1679    .ARM.Collect$$rtentry$$0000000A  c_w.l(__rtentry2.o)
    0x08000146   0x08000146   0x00000000   Code   RO         1681    .ARM.Collect$$rtentry$$0000000C  c_w.l(__rtentry2.o)
    0x08000146   0x08000146   0x00000008   Code   RO         1682    .ARM.Collect$$rtentry$$0000000D  c_w.l(__rtentry2.o)
    0x0800014e   0x0800014e   0x00000002   Code   RO         1703    .ARM.Collect$$rtexit$$00000000  c_w.l(rtexit.o)
    0x08000150   0x08000150   0x00000000   Code   RO         1751    .ARM.Collect$$rtexit$$00000002  c_w.l(rtexit2.o)
    0x08000150   0x08000150   0x00000004   Code   RO         1752    .ARM.Collect$$rtexit$$00000003  c_w.l(rtexit2.o)
    0x08000154   0x08000154   0x00000006   Code   RO         1753    .ARM.Collect$$rtexit$$00000004  c_w.l(rtexit2.o)
    0x0800015a   0x0800015a   0x00000002   PAD
    0x0800015c   0x0800015c   0x00000040   Code   RO          851  * .text               startup_mdr32f9qx.o
    0x0800019c   0x0800019c   0x00000006   Code   RO         1655    .text               c_w.l(heapauxi.o)
    0x080001a2   0x080001a2   0x0000004a   Code   RO         1690    .text               c_w.l(sys_stackheap_outer.o)
    0x080001ec   0x080001ec   0x00000012   Code   RO         1692    .text               c_w.l(exit.o)
    0x080001fe   0x080001fe   0x00000002   PAD
    0x08000200   0x08000200   0x00000008   Code   RO         1700    .text               c_w.l(libspace.o)
    0x08000208   0x08000208   0x0000000c   Code   RO         1761    .text               c_w.l(sys_exit.o)
    0x08000214   0x08000214   0x00000002   Code   RO         1772    .text               c_w.l(use_no_semi.o)
    0x08000216   0x08000216   0x00000000   Code   RO         1774    .text               c_w.l(indicate_semi.o)
    0x08000216   0x08000216   0x00000002   PAD
    0x08000218   0x08000218   0x00000010   Code   RO          816    i.ADC_init          adc.o
    0x08000228   0x08000228   0x00000318   Code   RO          132    i.GUI_FFT_numInput  gui_fft.o
    0x08000540   0x08000540   0x000001f4   Code   RO          259    i.GUI_createButton  gui.o
    0x08000734   0x08000734   0x00000178   Code   RO          261    i.GUI_createLabel   gui.o
    0x080008ac   0x080008ac   0x00000074   Code   RO          262    i.GUI_drawFilledFrame  gui.o
    0x08000920   0x08000920   0x00000086   Code   RO          469    i.LCD_drawFilledRectangle  lcd_ili9341.o
    0x080009a6   0x080009a6   0x00000030   Code   RO          471    i.LCD_drawPixel     lcd_ili9341.o
    0x080009d6   0x080009d6   0x0000003a   Code   RO          472    i.LCD_fill          lcd_ili9341.o
    0x08000a10   0x08000a10   0x00000278   Code   RO          473    i.LCD_init          lcd_ili9341.o
    0x08000c88   0x08000c88   0x00000120   Code   RO          474    i.LCD_printChar     lcd_ili9341.o
    0x08000da8   0x08000da8   0x00000044   Code   RO          475    i.LCD_printString   lcd_ili9341.o
    0x08000dec   0x08000dec   0x00000034   Code   RO          476    i.LCD_sendCommand   lcd_ili9341.o
    0x08000e20   0x08000e20   0x00000034   Code   RO          477    i.LCD_sendData      lcd_ili9341.o
    0x08000e54   0x08000e54   0x0000004c   Code   RO          478    i.LCD_setCursorPosition  lcd_ili9341.o
    0x08000ea0   0x08000ea0   0x0000001c   Code   RO         1009    i.PORT_ResetBits    mdr32f9qx_port.o
    0x08000ebc   0x08000ebc   0x0000001c   Code   RO         1010    i.PORT_SetBits      mdr32f9qx_port.o
    0x08000ed8   0x08000ed8   0x0000000c   Code   RO         1083    i.RST_CLK_CPU_PLLcmd  mdr32f9qx_rst_clk.o
    0x08000ee4   0x08000ee4   0x00000040   Code   RO         1084    i.RST_CLK_CPU_PLLconfig  mdr32f9qx_rst_clk.o
    0x08000f24   0x08000f24   0x00000034   Code   RO         1085    i.RST_CLK_CPU_PLLstatus  mdr32f9qx_rst_clk.o
    0x08000f58   0x08000f58   0x0000000c   Code   RO         1086    i.RST_CLK_CPU_PLLuse  mdr32f9qx_rst_clk.o
    0x08000f64   0x08000f64   0x00000018   Code   RO         1087    i.RST_CLK_CPUclkPrescaler  mdr32f9qx_rst_clk.o
    0x08000f7c   0x08000f7c   0x00000014   Code   RO         1088    i.RST_CLK_CPUclkSelection  mdr32f9qx_rst_clk.o
    0x08000f90   0x08000f90   0x00000034   Code   RO         1091    i.RST_CLK_GetFlagStatus  mdr32f9qx_rst_clk.o
    0x08000fc4   0x08000fc4   0x0000003c   Code   RO         1093    i.RST_CLK_HSEconfig  mdr32f9qx_rst_clk.o
    0x08001000   0x08001000   0x00000034   Code   RO         1094    i.RST_CLK_HSEstatus  mdr32f9qx_rst_clk.o
    0x08001034   0x08001034   0x00000020   Code   RO         1104    i.RST_CLK_PCLKcmd   mdr32f9qx_rst_clk.o
    0x08001054   0x08001054   0x00000028   Code   RO          552    i.SPI2_Init         spi.o
    0x0800107c   0x0800107c   0x00000014   Code   RO          553    i.SPI2_Reset        spi.o
    0x08001090   0x08001090   0x00000028   Code   RO          554    i.SPI2_sendData     spi.o
    0x080010b8   0x080010b8   0x00000090   Code   RO          858    i.SystemCoreClockUpdate  system_mdr32f9qx.o
    0x08001148   0x08001148   0x00000040   Code   RO          859    i.SystemInit        system_mdr32f9qx.o
    0x08001188   0x08001188   0x00000054   Code   RO         1302    i.TIMER_BRGInit     mdr32f9qx_timer.o
    0x080011dc   0x080011dc   0x00000014   Code   RO         1329    i.TIMER_Cmd         mdr32f9qx_timer.o
    0x080011f0   0x080011f0   0x00000036   Code   RO         1332    i.TIMER_CntInit     mdr32f9qx_timer.o
    0x08001226   0x08001226   0x0000001c   Code   RO         1333    i.TIMER_CntStructInit  mdr32f9qx_timer.o
    0x08001242   0x08001242   0x00000044   Code   RO         1336    i.TIMER_DeInit      mdr32f9qx_timer.o
    0x08001286   0x08001286   0x00000002   PAD
    0x08001288   0x08001288   0x00000088   Code   RO          759    i.Timer1_IRQHandler  timer.o
    0x08001310   0x08001310   0x00000058   Code   RO          760    i.Timer1_init       timer.o
    0x08001368   0x08001368   0x00000064   Code   RO          761    i.Timer2_init       timer.o
    0x080013cc   0x080013cc   0x00000078   Code   RO          428    i.clockCpuSetup     cpu.o
    0x08001444   0x08001444   0x00000054   Code   RO          429    i.clockPeriphInit   cpu.o
    0x08001498   0x08001498   0x0000000c   Code   RO          430    i.clockSetup        cpu.o
    0x080014a4   0x080014a4   0x00000028   Code   RO          762    i.delay_ms          timer.o
    0x080014cc   0x080014cc   0x0000002c   Code   RO            5    i.main              main.o
    0x080014f8   0x080014f8   0x0000001c   Code   RO          706    i.portSetupAdc      port_setup.o
    0x08001514   0x08001514   0x00000072   Code   RO          597    i.portSetupFunc     port_cfg.o
    0x08001586   0x08001586   0x00000002   PAD
    0x08001588   0x08001588   0x00000024   Code   RO          708    i.portSetupGpo      port_setup.o
    0x080015ac   0x080015ac   0x00000014   Code   RO          599    i.portSetupMode     port_cfg.o
    0x080015c0   0x080015c0   0x00000014   Code   RO          600    i.portSetupOe       port_cfg.o
    0x080015d4   0x080015d4   0x00000014   Code   RO          601    i.portSetupPd       port_cfg.o
    0x080015e8   0x080015e8   0x00000018   Code   RO          602    i.portSetupPdShm    port_cfg.o
    0x08001600   0x08001600   0x00000014   Code   RO          603    i.portSetupPullDown  port_cfg.o
    0x08001614   0x08001614   0x00000018   Code   RO          604    i.portSetupPullUp   port_cfg.o
    0x0800162c   0x0800162c   0x00000072   Code   RO          605    i.portSetupSpeed    port_cfg.o
    0x0800169e   0x0800169e   0x00000002   PAD
    0x080016a0   0x080016a0   0x000000cc   Code   RO          709    i.portSetupSpi2     port_setup.o
    0x0800176c   0x0800176c   0x00000010   Code   RO          710    i.portsSetup        port_setup.o
    0x0800177c   0x0800177c   0x00000060   Code   RO          607    i.portsSetupAsOutput  port_cfg.o
    0x080017dc   0x080017dc   0x00001038   Data   RO          225    .constdata          font.o
    0x08002814   0x08002814   0x00000020   Data   RO         1829    Region$$Table       anon$$obj.o


    Execution Region ER_RW (Exec base: 0x20000000, Load base: 0x08002834, Size: 0x00000004, Max: 0xffffffff, ABSOLUTE)

    Exec Addr    Load Addr    Size         Type   Attr      Idx    E Section Name        Object

    0x20000000   0x08002834   0x00000004   Data   RW          860    .data               system_mdr32f9qx.o


    Execution Region ER_ZI (Exec base: 0x20000004, Load base: 0x08002838, Size: 0x00000a8c, Max: 0xffffffff, ABSOLUTE)

    Exec Addr    Load Addr    Size         Type   Attr      Idx    E Section Name        Object

    0x20000004        -       0x0000042c   Zero   RW          274    .bss                gui.o
    0x20000430        -       0x00000060   Zero   RW         1701    .bss                c_w.l(libspace.o)
    0x20000490        -       0x00000200   Zero   RW          849    HEAP                startup_mdr32f9qx.o
    0x20000690        -       0x00000400   Zero   RW          848    STACK               startup_mdr32f9qx.o


==============================================================================

Image component sizes


      Code (inc. data)   RO Data    RW Data    ZI Data      Debug   Object Name

        16          6          0          0          0        387   adc.o
       216          8          0          0          0       1415   cpu.o
         0          0       4152          0          0       4882   font.o
       992         16          0          0       1068       5177   gui.o
       792         54          0          0          0        551   gui_fft.o
      1408         32          0          0          0       7115   lcd_ili9341.o
        44          0          0          0          0      83249   main.o
        56         12          0          0          0       5556   mdr32f9qx_port.o
       380         52          0          0          0       9420   mdr32f9qx_rst_clk.o
       254         16          0          0          0       3933   mdr32f9qx_timer.o
       452          0          0          0          0       5533   port_cfg.o
       284         16          0          0          0       1819   port_setup.o
       100         18          0          0          0       1273   spi.o
        64         26        192          0       1536        816   startup_mdr32f9qx.o
       208         24          0          4          0       1399   system_mdr32f9qx.o
       364         32          0          0          0      29306   timer.o

    ----------------------------------------------------------------------
      5636        312       4376          4       2604     161831   Object Totals
         0          0         32          0          0          0   (incl. Generated)
         6          0          0          0          0          0   (incl. Padding)

    ----------------------------------------------------------------------

      Code (inc. data)   RO Data    RW Data    ZI Data      Debug   Library Member Name

         8          0          0          0          0         68   __main.o
         0          0          0          0          0          0   __rtentry.o
        12          0          0          0          0          0   __rtentry2.o
         6          0          0          0          0          0   __rtentry4.o
        52          8          0          0          0          0   __scatter.o
        26          0          0          0          0          0   __scatter_copy.o
        28          0          0          0          0          0   __scatter_zi.o
        18          0          0          0          0         80   exit.o
         6          0          0          0          0        152   heapauxi.o
         0          0          0          0          0          0   indicate_semi.o
         2          0          0          0          0          0   libinit.o
         2          0          0          0          0          0   libinit2.o
         2          0          0          0          0          0   libshutdown.o
         2          0          0          0          0          0   libshutdown2.o
         8          4          0          0         96         68   libspace.o
         2          0          0          0          0          0   rtexit.o
        10          0          0          0          0          0   rtexit2.o
        12          4          0          0          0         68   sys_exit.o
        74          0          0          0          0         80   sys_stackheap_outer.o
         2          0          0          0          0         68   use_no_semi.o

    ----------------------------------------------------------------------
       280         16          0          0         96        584   Library Totals
         8          0          0          0          0          0   (incl. Padding)

    ----------------------------------------------------------------------

      Code (inc. data)   RO Data    RW Data    ZI Data      Debug   Library Name

       272         16          0          0         96        584   c_w.l

    ----------------------------------------------------------------------
       280         16          0          0         96        584   Library Totals

    ----------------------------------------------------------------------

==============================================================================


      Code (inc. data)   RO Data    RW Data    ZI Data      Debug   

      5916        328       4376          4       2700     159447   Grand Totals
      5916        328       4376          4       2700     159447   ELF Image Totals
      5916        328       4376          4          0          0   ROM Totals

==============================================================================

    Total RO  Size (Code + RO Data)                10292 (  10.05kB)
    Total RW  Size (RW Data + ZI Data)              2704 (   2.64kB)
    Total ROM Size (Code + RO Data + RW Data)      10296 (  10.05kB)

==============================================================================

